mode: atomic
jumpstartcli/main.go:21.13,32.55 1 0
jumpstartcli/main.go:32.55,33.21 1 0
jumpstartcli/main.go:33.21,37.102 3 0
jumpstartcli/main.go:37.102,40.6 2 0
jumpstartcli/main.go:43.4,44.14 2 0
jumpstartcli/main.go:49.2,79.62 15 0
jumpstartcli/main.go:79.62,81.3 1 0
jumpstartcli/main.go:83.2,83.42 1 0
jumpstartcli/main.go:83.42,86.52 2 0
jumpstartcli/main.go:86.52,89.40 1 0
jumpstartcli/main.go:89.40,91.24 2 0
jumpstartcli/main.go:91.24,95.103 3 0
jumpstartcli/main.go:95.103,98.7 2 0
jumpstartcli/main.go:103.3,103.53 1 0
jumpstartcli/main.go:103.53,105.4 1 0
jumpstartcli/main.go:106.3,106.13 1 0
jumpstartcli/main.go:111.21,135.2 14 2
jumpstartcli/cmd/agora/agora.go:14.56,18.16 4 3
jumpstartcli/cmd/agora/agora.go:18.16,20.56 2 0
jumpstartcli/cmd/agora/agora.go:20.56,21.30 1 0
jumpstartcli/cmd/agora/agora.go:21.30,24.5 2 0
jumpstartcli/cmd/agora/agora.go:27.2,27.10 1 3
jumpstartcli/cmd/agora/agora.go:30.35,39.48 1 5
jumpstartcli/cmd/agora/agora.go:39.48,41.54 1 0
jumpstartcli/cmd/agora/agora.go:41.54,43.5 1 0
jumpstartcli/cmd/agora/agora.go:45.4,49.21 4 0
jumpstartcli/cmd/agora/agora.go:49.21,51.5 1 0
jumpstartcli/cmd/agora/agora.go:52.4,52.20 1 0
jumpstartcli/cmd/agora/agora.go:52.20,55.42 3 0
jumpstartcli/cmd/agora/agora.go:55.42,58.38 3 0
jumpstartcli/cmd/agora/agora.go:58.38,60.7 1 0
jumpstartcli/cmd/agora/agora.go:61.6,65.46 5 0
jumpstartcli/cmd/agora/agora.go:65.46,69.7 3 0
jumpstartcli/cmd/agora/agora.go:74.4,74.102 1 0
jumpstartcli/cmd/version/version.go:12.37,16.108 1 4
jumpstartcli/cmd/version/version.go:16.108,18.4 1 2
jumpstartcli/cmd/version/version.go:21.2,21.19 1 4
jumpstartcli/internal/examples/examples.go:21.47,22.27 1 6
jumpstartcli/internal/examples/examples.go:22.27,24.3 1 1
jumpstartcli/internal/examples/examples.go:26.2,29.38 3 5
jumpstartcli/internal/examples/examples.go:29.38,35.29 3 8
jumpstartcli/internal/examples/examples.go:35.29,37.4 1 3
jumpstartcli/internal/examples/examples.go:40.2,40.25 1 5
jumpstartcli/internal/examples/examples.go:44.50,46.13 2 11
jumpstartcli/internal/examples/examples.go:46.13,48.3 1 11
jumpstartcli/internal/examples/examples.go:49.2,49.17 1 0
jumpstartcli/cmd/localbox/localbox.go:14.59,18.16 4 4
jumpstartcli/cmd/localbox/localbox.go:18.16,20.56 2 0
jumpstartcli/cmd/localbox/localbox.go:20.56,21.30 1 0
jumpstartcli/cmd/localbox/localbox.go:21.30,24.5 2 0
jumpstartcli/cmd/localbox/localbox.go:27.2,27.10 1 4
jumpstartcli/cmd/localbox/localbox.go:30.38,39.48 1 6
jumpstartcli/cmd/localbox/localbox.go:39.48,41.54 1 0
jumpstartcli/cmd/localbox/localbox.go:41.54,43.5 1 0
jumpstartcli/cmd/localbox/localbox.go:45.4,48.21 4 0
jumpstartcli/cmd/localbox/localbox.go:48.21,50.5 1 0
jumpstartcli/cmd/localbox/localbox.go:51.4,51.20 1 0
jumpstartcli/cmd/localbox/localbox.go:51.20,54.42 3 0
jumpstartcli/cmd/localbox/localbox.go:54.42,57.38 3 0
jumpstartcli/cmd/localbox/localbox.go:57.38,59.7 1 0
jumpstartcli/cmd/localbox/localbox.go:60.6,64.46 5 0
jumpstartcli/cmd/localbox/localbox.go:64.46,68.7 3 0
jumpstartcli/cmd/localbox/localbox.go:73.4,73.105 1 0
jumpstartcli/internal/upgrade/config.go:23.32,25.2 1 0
jumpstartcli/internal/upgrade/config.go:28.35,30.2 1 0
jumpstartcli/internal/upgrade/installer.go:35.38,42.30 2 1
jumpstartcli/internal/upgrade/installer.go:42.30,44.3 1 0
jumpstartcli/internal/upgrade/installer.go:44.8,46.3 1 1
jumpstartcli/internal/upgrade/installer.go:49.2,49.30 1 1
jumpstartcli/internal/upgrade/installer.go:49.30,51.3 1 0
jumpstartcli/internal/upgrade/installer.go:51.8,51.36 1 1
jumpstartcli/internal/upgrade/installer.go:51.36,53.3 1 0
jumpstartcli/internal/upgrade/installer.go:53.8,55.3 1 1
jumpstartcli/internal/upgrade/installer.go:57.2,57.17 1 1
jumpstartcli/internal/upgrade/installer.go:61.86,62.21 1 0
jumpstartcli/internal/upgrade/installer.go:62.21,65.3 2 0
jumpstartcli/internal/upgrade/installer.go:67.2,67.39 1 0
jumpstartcli/internal/upgrade/installer.go:67.39,68.22 1 0
jumpstartcli/internal/upgrade/installer.go:68.22,70.4 1 0
jumpstartcli/internal/upgrade/installer.go:73.3,73.42 1 0
jumpstartcli/internal/upgrade/installer.go:73.42,75.4 1 0
jumpstartcli/internal/upgrade/installer.go:78.3,81.73 2 0
jumpstartcli/internal/upgrade/installer.go:81.73,83.4 1 0
jumpstartcli/internal/upgrade/installer.go:86.2,86.97 1 0
jumpstartcli/internal/upgrade/installer.go:90.80,91.21 1 0
jumpstartcli/internal/upgrade/installer.go:91.21,93.3 1 0
jumpstartcli/internal/upgrade/installer.go:96.2,97.16 2 0
jumpstartcli/internal/upgrade/installer.go:97.16,99.3 1 0
jumpstartcli/internal/upgrade/installer.go:102.2,110.16 3 0
jumpstartcli/internal/upgrade/installer.go:110.16,112.3 1 0
jumpstartcli/internal/upgrade/installer.go:113.2,122.16 4 0
jumpstartcli/internal/upgrade/installer.go:122.16,124.3 1 0
jumpstartcli/internal/upgrade/installer.go:125.2,127.38 2 0
jumpstartcli/internal/upgrade/installer.go:127.38,129.3 1 0
jumpstartcli/internal/upgrade/installer.go:132.2,136.16 3 0
jumpstartcli/internal/upgrade/installer.go:136.16,138.3 1 0
jumpstartcli/internal/upgrade/installer.go:139.2,151.16 5 0
jumpstartcli/internal/upgrade/installer.go:151.16,153.3 1 0
jumpstartcli/internal/upgrade/installer.go:156.2,156.31 1 0
jumpstartcli/internal/upgrade/installer.go:156.31,158.17 2 0
jumpstartcli/internal/upgrade/installer.go:158.17,160.4 1 0
jumpstartcli/internal/upgrade/installer.go:163.2,164.26 2 0
jumpstartcli/internal/upgrade/installer.go:168.54,169.21 1 0
jumpstartcli/internal/upgrade/installer.go:169.21,171.3 1 0
jumpstartcli/internal/upgrade/installer.go:174.2,176.16 3 0
jumpstartcli/internal/upgrade/installer.go:176.16,178.3 1 0
jumpstartcli/internal/upgrade/installer.go:180.2,180.21 1 0
jumpstartcli/internal/upgrade/installer.go:180.21,182.3 1 0
jumpstartcli/internal/upgrade/installer.go:185.2,188.31 2 0
jumpstartcli/internal/upgrade/installer.go:188.31,192.17 3 0
jumpstartcli/internal/upgrade/installer.go:192.17,194.4 1 0
jumpstartcli/internal/upgrade/installer.go:197.3,198.17 2 0
jumpstartcli/internal/upgrade/installer.go:198.17,202.4 2 0
jumpstartcli/internal/upgrade/installer.go:205.3,205.25 1 0
jumpstartcli/internal/upgrade/installer.go:206.8,209.17 2 0
jumpstartcli/internal/upgrade/installer.go:209.17,211.4 1 0
jumpstartcli/internal/upgrade/installer.go:215.2,223.12 5 0
jumpstartcli/internal/upgrade/installer.go:233.55,235.11 2 0
jumpstartcli/internal/upgrade/installer.go:235.11,238.3 2 0
jumpstartcli/internal/upgrade/installer.go:239.2,239.15 1 0
jumpstartcli/internal/upgrade/installer.go:242.43,243.19 1 0
jumpstartcli/internal/upgrade/installer.go:243.19,245.3 1 0
jumpstartcli/internal/upgrade/installer.go:245.8,249.3 2 0
jumpstartcli/internal/upgrade/installer.go:253.38,255.18 2 0
jumpstartcli/internal/upgrade/installer.go:255.18,257.3 1 0
jumpstartcli/internal/upgrade/installer.go:258.2,259.46 2 0
jumpstartcli/internal/upgrade/installer.go:259.46,262.3 2 0
jumpstartcli/internal/upgrade/installer.go:263.2,263.76 1 0
jumpstartcli/internal/upgrade/installer.go:267.38,269.16 2 0
jumpstartcli/internal/upgrade/installer.go:269.16,271.3 1 0
jumpstartcli/internal/upgrade/installer.go:272.2,275.16 3 0
jumpstartcli/internal/upgrade/installer.go:275.16,277.3 1 0
jumpstartcli/internal/upgrade/installer.go:278.2,281.12 3 0
jumpstartcli/internal/upgrade/version.go:42.69,45.21 2 0
jumpstartcli/internal/upgrade/version.go:45.21,47.3 1 0
jumpstartcli/internal/upgrade/version.go:50.2,56.16 3 0
jumpstartcli/internal/upgrade/version.go:56.16,58.3 1 0
jumpstartcli/internal/upgrade/version.go:59.2,61.38 2 0
jumpstartcli/internal/upgrade/version.go:61.38,63.3 1 0
jumpstartcli/internal/upgrade/version.go:66.2,67.68 2 0
jumpstartcli/internal/upgrade/version.go:67.68,69.3 1 0
jumpstartcli/internal/upgrade/version.go:72.2,72.47 1 0
jumpstartcli/internal/upgrade/version.go:72.47,74.3 1 0
jumpstartcli/internal/upgrade/version.go:77.2,88.16 4 0
jumpstartcli/internal/upgrade/version.go:88.16,89.22 1 0
jumpstartcli/internal/upgrade/version.go:89.22,91.4 1 0
jumpstartcli/internal/upgrade/version.go:93.8,95.3 1 0
jumpstartcli/internal/upgrade/version.go:98.2,101.21 3 0
jumpstartcli/internal/upgrade/version.go:101.21,104.3 1 0
jumpstartcli/internal/upgrade/version.go:106.2,106.25 1 0
jumpstartcli/internal/upgrade/version.go:111.41,116.14 3 9
jumpstartcli/internal/upgrade/version.go:116.14,118.3 1 2
jumpstartcli/internal/upgrade/version.go:121.2,126.26 4 7
jumpstartcli/internal/upgrade/version.go:126.26,128.3 1 0
jumpstartcli/internal/upgrade/version.go:130.2,130.27 1 7
jumpstartcli/internal/upgrade/version.go:130.27,132.3 1 0
jumpstartcli/internal/upgrade/version.go:133.2,133.27 1 7
jumpstartcli/internal/upgrade/version.go:133.27,135.3 1 0
jumpstartcli/internal/upgrade/version.go:138.2,138.30 1 7
jumpstartcli/internal/upgrade/version.go:138.30,144.18 4 12
jumpstartcli/internal/upgrade/version.go:144.18,146.4 1 4
jumpstartcli/internal/upgrade/version.go:147.3,147.18 1 8
jumpstartcli/internal/upgrade/version.go:147.18,149.4 1 3
jumpstartcli/internal/upgrade/version.go:152.2,152.10 1 0
jumpstartcli/internal/upgrade/version.go:156.45,157.37 1 22
jumpstartcli/internal/upgrade/version.go:157.37,159.3 1 5
jumpstartcli/internal/upgrade/version.go:160.2,160.16 1 17
jumpstartcli/internal/upgrade/version.go:164.50,170.15 4 0
jumpstartcli/internal/upgrade/version.go:170.15,172.3 1 0
jumpstartcli/internal/upgrade/version.go:172.8,174.3 1 0
jumpstartcli/internal/upgrade/version.go:176.2,176.30 1 0
jumpstartcli/internal/upgrade/version.go:176.30,178.3 1 0
jumpstartcli/internal/upgrade/version.go:180.2,180.24 1 0
jumpstartcli/internal/upgrade/version.go:184.36,186.2 1 0
jumpstartcli/cmd/completion/completion.go:13.40,43.48 1 15
jumpstartcli/cmd/completion/completion.go:43.48,45.22 1 7
jumpstartcli/cmd/completion/completion.go:45.22,48.5 2 2
jumpstartcli/cmd/completion/completion.go:51.4,51.21 1 5
jumpstartcli/cmd/completion/completion.go:51.21,54.5 2 0
jumpstartcli/cmd/completion/completion.go:57.4,59.44 3 5
jumpstartcli/cmd/completion/completion.go:59.44,60.33 1 14
jumpstartcli/cmd/completion/completion.go:60.33,62.11 2 4
jumpstartcli/cmd/completion/completion.go:66.4,66.17 1 5
jumpstartcli/cmd/completion/completion.go:66.17,69.5 2 1
jumpstartcli/cmd/completion/completion.go:71.4,71.19 1 4
jumpstartcli/cmd/completion/completion.go:72.16,73.44 1 1
jumpstartcli/cmd/completion/completion.go:74.15,75.43 1 1
jumpstartcli/cmd/completion/completion.go:76.16,77.50 1 1
jumpstartcli/cmd/completion/completion.go:78.22,79.58 1 1
jumpstartcli/cmd/completion/completion.go:84.2,84.22 1 15
jumpstartcli/cmd/subscription/subscription.go:21.42,36.55 1 3
jumpstartcli/cmd/subscription/subscription.go:36.55,37.21 1 0
jumpstartcli/cmd/subscription/subscription.go:37.21,41.47 3 0
jumpstartcli/cmd/subscription/subscription.go:41.47,42.39 1 0
jumpstartcli/cmd/subscription/subscription.go:42.39,44.7 1 0
jumpstartcli/cmd/subscription/subscription.go:47.5,47.108 1 0
jumpstartcli/cmd/subscription/subscription.go:47.108,50.6 2 0
jumpstartcli/cmd/subscription/subscription.go:52.5,52.90 1 0
jumpstartcli/cmd/subscription/subscription.go:54.4,55.14 2 0
jumpstartcli/cmd/subscription/subscription.go:59.2,66.48 1 3
jumpstartcli/cmd/subscription/subscription.go:66.48,71.26 3 0
jumpstartcli/cmd/subscription/subscription.go:71.26,74.5 2 0
jumpstartcli/cmd/subscription/subscription.go:76.4,77.18 2 0
jumpstartcli/cmd/subscription/subscription.go:77.18,81.5 3 0
jumpstartcli/cmd/subscription/subscription.go:83.4,94.52 2 0
jumpstartcli/cmd/subscription/subscription.go:94.52,98.5 3 0
jumpstartcli/cmd/subscription/subscription.go:100.4,100.14 1 0
jumpstartcli/cmd/subscription/subscription.go:100.14,103.5 2 0
jumpstartcli/cmd/subscription/subscription.go:104.4,104.16 1 0
jumpstartcli/cmd/subscription/subscription.go:104.16,107.5 2 0
jumpstartcli/cmd/subscription/subscription.go:110.4,110.47 1 0
jumpstartcli/cmd/subscription/subscription.go:111.16,113.19 2 0
jumpstartcli/cmd/subscription/subscription.go:113.19,116.6 2 0
jumpstartcli/cmd/subscription/subscription.go:117.5,117.36 1 0
jumpstartcli/cmd/subscription/subscription.go:119.16,125.45 6 0
jumpstartcli/cmd/subscription/subscription.go:125.45,129.6 3 0
jumpstartcli/cmd/subscription/subscription.go:131.15,132.26 1 0
jumpstartcli/cmd/subscription/subscription.go:132.26,134.25 2 0
jumpstartcli/cmd/subscription/subscription.go:134.25,136.7 1 0
jumpstartcli/cmd/subscription/subscription.go:137.6,137.19 1 0
jumpstartcli/cmd/subscription/subscription.go:138.11,140.6 1 0
jumpstartcli/cmd/subscription/subscription.go:142.17,143.16 1 0
jumpstartcli/cmd/subscription/subscription.go:144.12,145.26 1 0
jumpstartcli/cmd/subscription/subscription.go:145.26,154.25 3 0
jumpstartcli/cmd/subscription/subscription.go:154.25,157.7 2 0
jumpstartcli/cmd/subscription/subscription.go:158.6,158.42 1 0
jumpstartcli/cmd/subscription/subscription.go:159.11,161.23 2 0
jumpstartcli/cmd/subscription/subscription.go:161.23,163.7 1 0
jumpstartcli/cmd/subscription/subscription.go:164.6,166.32 2 0
jumpstartcli/cmd/subscription/subscription.go:166.32,168.7 1 0
jumpstartcli/cmd/subscription/subscription.go:174.2,177.48 1 3
jumpstartcli/cmd/subscription/subscription.go:177.48,178.23 1 0
jumpstartcli/cmd/subscription/subscription.go:178.23,180.5 1 0
jumpstartcli/cmd/subscription/subscription.go:182.4,183.18 2 0
jumpstartcli/cmd/subscription/subscription.go:183.18,187.5 3 0
jumpstartcli/cmd/subscription/subscription.go:189.4,194.53 2 0
jumpstartcli/cmd/subscription/subscription.go:194.53,197.5 2 0
jumpstartcli/cmd/subscription/subscription.go:200.4,200.47 1 0
jumpstartcli/cmd/subscription/subscription.go:201.16,202.49 1 0
jumpstartcli/cmd/subscription/subscription.go:202.49,204.6 1 0
jumpstartcli/cmd/subscription/subscription.go:205.16,206.49 1 0
jumpstartcli/cmd/subscription/subscription.go:206.49,208.6 1 0
jumpstartcli/cmd/subscription/subscription.go:209.15,212.30 3 0
jumpstartcli/cmd/subscription/subscription.go:212.30,214.23 2 0
jumpstartcli/cmd/subscription/subscription.go:214.23,216.7 1 0
jumpstartcli/cmd/subscription/subscription.go:217.6,217.61 1 0
jumpstartcli/cmd/subscription/subscription.go:219.5,219.34 1 0
jumpstartcli/cmd/subscription/subscription.go:220.17,221.16 1 0
jumpstartcli/cmd/subscription/subscription.go:222.12,225.30 3 0
jumpstartcli/cmd/subscription/subscription.go:225.30,227.23 2 0
jumpstartcli/cmd/subscription/subscription.go:227.23,229.7 1 0
jumpstartcli/cmd/subscription/subscription.go:230.6,230.61 1 0
jumpstartcli/cmd/subscription/subscription.go:232.5,233.52 2 0
jumpstartcli/cmd/subscription/subscription.go:238.2,249.48 1 3
jumpstartcli/cmd/subscription/subscription.go:249.48,257.28 6 0
jumpstartcli/cmd/subscription/subscription.go:257.28,259.5 1 0
jumpstartcli/cmd/subscription/subscription.go:260.4,260.30 1 0
jumpstartcli/cmd/subscription/subscription.go:260.30,262.5 1 0
jumpstartcli/cmd/subscription/subscription.go:263.4,263.21 1 0
jumpstartcli/cmd/subscription/subscription.go:263.21,265.5 1 0
jumpstartcli/cmd/subscription/subscription.go:267.4,267.21 1 0
jumpstartcli/cmd/subscription/subscription.go:267.21,270.5 2 0
jumpstartcli/cmd/subscription/subscription.go:270.10,270.29 1 0
jumpstartcli/cmd/subscription/subscription.go:270.29,274.5 3 0
jumpstartcli/cmd/subscription/subscription.go:276.4,276.28 1 0
jumpstartcli/cmd/subscription/subscription.go:276.28,279.5 2 0
jumpstartcli/cmd/subscription/subscription.go:279.10,279.37 1 0
jumpstartcli/cmd/subscription/subscription.go:279.37,282.5 2 0
jumpstartcli/cmd/subscription/subscription.go:282.10,282.29 1 0
jumpstartcli/cmd/subscription/subscription.go:282.29,285.5 2 0
jumpstartcli/cmd/subscription/subscription.go:287.4,289.60 2 0
jumpstartcli/cmd/subscription/subscription.go:289.60,292.5 2 0
jumpstartcli/cmd/subscription/subscription.go:294.4,295.18 2 0
jumpstartcli/cmd/subscription/subscription.go:295.18,299.5 3 0
jumpstartcli/cmd/subscription/subscription.go:301.4,306.57 4 0
jumpstartcli/cmd/subscription/subscription.go:306.57,309.5 2 0
jumpstartcli/cmd/subscription/subscription.go:311.4,313.39 3 0
jumpstartcli/cmd/subscription/subscription.go:313.39,316.5 2 0
jumpstartcli/cmd/subscription/subscription.go:318.4,319.18 2 0
jumpstartcli/cmd/subscription/subscription.go:319.18,321.5 1 0
jumpstartcli/cmd/subscription/subscription.go:321.10,324.5 2 0
jumpstartcli/cmd/subscription/subscription.go:326.4,326.65 1 0
jumpstartcli/cmd/subscription/subscription.go:330.2,340.24 8 3
jumpstartcli/cmd/subscription/subscription.go:344.36,345.21 1 10
jumpstartcli/cmd/subscription/subscription.go:345.21,347.3 1 4
jumpstartcli/cmd/subscription/subscription.go:349.2,349.77 1 6
jumpstartcli/cmd/subscription/subscription.go:349.77,351.3 1 1
jumpstartcli/cmd/subscription/subscription.go:353.2,354.34 2 5
jumpstartcli/cmd/subscription/subscription.go:354.34,356.3 1 0
jumpstartcli/cmd/subscription/subscription.go:358.2,358.41 1 5
jumpstartcli/cmd/subscription/subscription.go:358.41,359.102 1 160
jumpstartcli/cmd/subscription/subscription.go:359.102,361.4 1 2
jumpstartcli/cmd/subscription/subscription.go:364.2,364.13 1 3
jumpstartcli/cmd/subscription/subscription.go:368.80,371.16 3 0
jumpstartcli/cmd/subscription/subscription.go:371.16,373.3 1 0
jumpstartcli/cmd/subscription/subscription.go:375.2,376.53 2 0
jumpstartcli/cmd/subscription/subscription.go:376.53,378.3 1 0
jumpstartcli/cmd/subscription/subscription.go:380.2,380.17 1 0
jumpstartcli/cmd/subscription/subscription.go:384.61,387.16 3 0
jumpstartcli/cmd/subscription/subscription.go:387.16,389.3 1 0
jumpstartcli/cmd/subscription/subscription.go:391.2,392.53 2 0
jumpstartcli/cmd/subscription/subscription.go:392.53,394.3 1 0
jumpstartcli/cmd/subscription/subscription.go:396.2,396.17 1 0
jumpstartcli/cmd/repo/repo.go:14.34,29.55 1 10
jumpstartcli/cmd/repo/repo.go:29.55,30.21 1 1
jumpstartcli/cmd/repo/repo.go:30.21,35.47 3 0
jumpstartcli/cmd/repo/repo.go:35.47,36.39 1 0
jumpstartcli/cmd/repo/repo.go:36.39,38.7 1 0
jumpstartcli/cmd/repo/repo.go:42.5,42.108 1 0
jumpstartcli/cmd/repo/repo.go:42.108,45.6 2 0
jumpstartcli/cmd/repo/repo.go:48.5,48.82 1 0
jumpstartcli/cmd/repo/repo.go:51.4,52.14 2 1
jumpstartcli/cmd/repo/repo.go:55.2,62.48 1 10
jumpstartcli/cmd/repo/repo.go:62.48,65.18 3 0
jumpstartcli/cmd/repo/repo.go:65.18,67.5 1 0
jumpstartcli/cmd/repo/repo.go:68.4,68.43 1 0
jumpstartcli/cmd/repo/repo.go:68.43,71.5 2 0
jumpstartcli/cmd/repo/repo.go:72.4,76.40 5 0
jumpstartcli/cmd/repo/repo.go:76.40,79.5 2 0
jumpstartcli/cmd/repo/repo.go:80.4,80.53 1 0
jumpstartcli/cmd/repo/repo.go:84.2,91.48 1 10
jumpstartcli/cmd/repo/repo.go:91.48,93.18 2 0
jumpstartcli/cmd/repo/repo.go:93.18,95.5 1 0
jumpstartcli/cmd/repo/repo.go:96.4,96.51 1 0
jumpstartcli/cmd/repo/repo.go:96.51,99.5 2 0
jumpstartcli/cmd/repo/repo.go:100.4,101.45 2 0
jumpstartcli/cmd/repo/repo.go:101.45,104.5 2 0
jumpstartcli/cmd/repo/repo.go:105.4,105.46 1 0
jumpstartcli/cmd/repo/repo.go:109.2,116.48 1 10
jumpstartcli/cmd/repo/repo.go:116.48,118.18 2 0
jumpstartcli/cmd/repo/repo.go:118.18,120.5 1 0
jumpstartcli/cmd/repo/repo.go:121.4,122.53 2 0
jumpstartcli/cmd/repo/repo.go:122.53,125.5 2 0
jumpstartcli/cmd/repo/repo.go:126.4,130.40 5 0
jumpstartcli/cmd/repo/repo.go:130.40,133.5 2 0
jumpstartcli/cmd/repo/repo.go:134.4,134.44 1 0
jumpstartcli/cmd/repo/repo.go:138.2,145.16 5 10
jumpstartcli/cmd/arcbox/arcbox.go:26.24,28.2 1 1
jumpstartcli/cmd/arcbox/arcbox.go:31.36,48.55 1 13
jumpstartcli/cmd/arcbox/arcbox.go:48.55,49.21 1 0
jumpstartcli/cmd/arcbox/arcbox.go:49.21,54.44 3 0
jumpstartcli/cmd/arcbox/arcbox.go:54.44,55.36 1 0
jumpstartcli/cmd/arcbox/arcbox.go:55.36,57.7 1 0
jumpstartcli/cmd/arcbox/arcbox.go:61.5,61.35 1 0
jumpstartcli/cmd/arcbox/arcbox.go:61.35,64.6 2 0
jumpstartcli/cmd/arcbox/arcbox.go:67.5,67.102 1 0
jumpstartcli/cmd/arcbox/arcbox.go:67.102,70.6 2 0
jumpstartcli/cmd/arcbox/arcbox.go:73.5,73.81 1 0
jumpstartcli/cmd/arcbox/arcbox.go:76.4,77.14 2 0
jumpstartcli/cmd/arcbox/arcbox.go:82.2,92.48 1 13
jumpstartcli/cmd/arcbox/arcbox.go:92.48,94.54 1 0
jumpstartcli/cmd/arcbox/arcbox.go:94.54,96.5 1 0
jumpstartcli/cmd/arcbox/arcbox.go:98.4,102.55 3 0
jumpstartcli/cmd/arcbox/arcbox.go:102.55,104.5 1 0
jumpstartcli/cmd/arcbox/arcbox.go:107.4,108.21 2 0
jumpstartcli/cmd/arcbox/arcbox.go:108.21,110.5 1 0
jumpstartcli/cmd/arcbox/arcbox.go:110.10,112.49 1 0
jumpstartcli/cmd/arcbox/arcbox.go:112.49,116.6 3 0
jumpstartcli/cmd/arcbox/arcbox.go:120.4,123.76 4 0
jumpstartcli/cmd/arcbox/arcbox.go:128.2,138.48 1 13
jumpstartcli/cmd/arcbox/arcbox.go:138.48,147.32 6 0
jumpstartcli/cmd/arcbox/arcbox.go:147.32,151.5 3 0
jumpstartcli/cmd/arcbox/arcbox.go:154.4,154.26 1 0
jumpstartcli/cmd/arcbox/arcbox.go:154.26,155.62 1 0
jumpstartcli/cmd/arcbox/arcbox.go:155.62,158.6 2 0
jumpstartcli/cmd/arcbox/arcbox.go:162.4,163.18 2 0
jumpstartcli/cmd/arcbox/arcbox.go:163.18,167.5 3 0
jumpstartcli/cmd/arcbox/arcbox.go:169.4,169.17 1 0
jumpstartcli/cmd/arcbox/arcbox.go:169.17,173.5 3 0
jumpstartcli/cmd/arcbox/arcbox.go:176.4,176.25 1 0
jumpstartcli/cmd/arcbox/arcbox.go:176.25,182.45 6 0
jumpstartcli/cmd/arcbox/arcbox.go:182.45,185.6 2 0
jumpstartcli/cmd/arcbox/arcbox.go:189.4,197.18 6 0
jumpstartcli/cmd/arcbox/arcbox.go:197.18,201.5 3 0
jumpstartcli/cmd/arcbox/arcbox.go:203.4,207.26 3 0
jumpstartcli/cmd/arcbox/arcbox.go:207.26,210.5 2 0
jumpstartcli/cmd/arcbox/arcbox.go:214.2,236.48 6 13
jumpstartcli/cmd/arcbox/arcbox.go:236.48,238.32 1 0
jumpstartcli/cmd/arcbox/arcbox.go:238.32,242.5 3 0
jumpstartcli/cmd/arcbox/arcbox.go:244.4,250.24 5 0
jumpstartcli/cmd/arcbox/arcbox.go:250.24,252.5 1 0
jumpstartcli/cmd/arcbox/arcbox.go:253.4,253.27 1 0
jumpstartcli/cmd/arcbox/arcbox.go:253.27,255.5 1 0
jumpstartcli/cmd/arcbox/arcbox.go:256.4,256.26 1 0
jumpstartcli/cmd/arcbox/arcbox.go:256.26,258.5 1 0
jumpstartcli/cmd/arcbox/arcbox.go:261.4,261.22 1 0
jumpstartcli/cmd/arcbox/arcbox.go:261.22,265.5 3 0
jumpstartcli/cmd/arcbox/arcbox.go:268.4,268.21 1 0
jumpstartcli/cmd/arcbox/arcbox.go:268.21,272.5 3 0
jumpstartcli/cmd/arcbox/arcbox.go:275.4,275.55 1 0
jumpstartcli/cmd/arcbox/arcbox.go:275.55,279.5 3 0
jumpstartcli/cmd/arcbox/arcbox.go:282.4,282.26 1 0
jumpstartcli/cmd/arcbox/arcbox.go:282.26,283.60 1 0
jumpstartcli/cmd/arcbox/arcbox.go:283.60,286.6 2 0
jumpstartcli/cmd/arcbox/arcbox.go:289.4,289.113 1 0
jumpstartcli/cmd/arcbox/arcbox.go:289.113,292.5 2 0
jumpstartcli/cmd/arcbox/arcbox.go:296.2,311.55 5 13
jumpstartcli/cmd/arcbox/arcbox.go:311.55,312.21 1 0
jumpstartcli/cmd/arcbox/arcbox.go:312.21,318.47 3 0
jumpstartcli/cmd/arcbox/arcbox.go:318.47,319.39 1 0
jumpstartcli/cmd/arcbox/arcbox.go:319.39,321.7 1 0
jumpstartcli/cmd/arcbox/arcbox.go:325.5,325.108 1 0
jumpstartcli/cmd/arcbox/arcbox.go:325.108,328.6 2 0
jumpstartcli/cmd/arcbox/arcbox.go:331.5,331.94 1 0
jumpstartcli/cmd/arcbox/arcbox.go:334.4,335.14 2 0
jumpstartcli/cmd/arcbox/arcbox.go:340.2,346.48 1 13
jumpstartcli/cmd/arcbox/arcbox.go:346.48,354.28 5 0
jumpstartcli/cmd/arcbox/arcbox.go:354.28,358.5 3 0
jumpstartcli/cmd/arcbox/arcbox.go:360.4,360.43 1 0
jumpstartcli/cmd/arcbox/arcbox.go:360.43,364.5 3 0
jumpstartcli/cmd/arcbox/arcbox.go:366.4,366.42 1 0
jumpstartcli/cmd/arcbox/arcbox.go:366.42,370.5 3 0
jumpstartcli/cmd/arcbox/arcbox.go:373.4,374.20 2 0
jumpstartcli/cmd/arcbox/arcbox.go:374.20,377.97 2 0
jumpstartcli/cmd/arcbox/arcbox.go:377.97,380.6 2 0
jumpstartcli/cmd/arcbox/arcbox.go:383.5,383.45 1 0
jumpstartcli/cmd/arcbox/arcbox.go:383.45,385.6 1 0
jumpstartcli/cmd/arcbox/arcbox.go:386.10,389.39 2 0
jumpstartcli/cmd/arcbox/arcbox.go:389.39,391.23 2 0
jumpstartcli/cmd/arcbox/arcbox.go:391.23,393.7 1 0
jumpstartcli/cmd/arcbox/arcbox.go:398.4,398.55 1 0
jumpstartcli/cmd/arcbox/arcbox.go:398.55,402.5 3 0
jumpstartcli/cmd/arcbox/arcbox.go:405.4,406.39 2 0
jumpstartcli/cmd/arcbox/arcbox.go:406.39,408.14 1 0
jumpstartcli/cmd/arcbox/arcbox.go:408.14,410.6 1 0
jumpstartcli/cmd/arcbox/arcbox.go:412.5,412.27 1 0
jumpstartcli/cmd/arcbox/arcbox.go:412.27,414.6 1 0
jumpstartcli/cmd/arcbox/arcbox.go:417.5,418.24 2 0
jumpstartcli/cmd/arcbox/arcbox.go:418.24,420.28 2 0
jumpstartcli/cmd/arcbox/arcbox.go:420.28,422.7 1 0
jumpstartcli/cmd/arcbox/arcbox.go:423.11,423.34 1 0
jumpstartcli/cmd/arcbox/arcbox.go:423.34,425.6 1 0
jumpstartcli/cmd/arcbox/arcbox.go:428.4,428.18 1 0
jumpstartcli/cmd/arcbox/arcbox.go:428.18,431.5 2 0
jumpstartcli/cmd/arcbox/arcbox.go:433.4,433.77 1 0
jumpstartcli/cmd/arcbox/arcbox.go:436.2,452.55 7 13
jumpstartcli/cmd/arcbox/arcbox.go:452.55,453.21 1 0
jumpstartcli/cmd/arcbox/arcbox.go:453.21,459.47 3 0
jumpstartcli/cmd/arcbox/arcbox.go:459.47,460.39 1 0
jumpstartcli/cmd/arcbox/arcbox.go:460.39,462.7 1 0
jumpstartcli/cmd/arcbox/arcbox.go:466.5,466.108 1 0
jumpstartcli/cmd/arcbox/arcbox.go:466.108,469.6 2 0
jumpstartcli/cmd/arcbox/arcbox.go:472.5,472.97 1 0
jumpstartcli/cmd/arcbox/arcbox.go:475.4,476.14 2 0
jumpstartcli/cmd/arcbox/arcbox.go:481.2,487.48 1 13
jumpstartcli/cmd/arcbox/arcbox.go:487.48,490.4 2 0
jumpstartcli/cmd/arcbox/arcbox.go:494.2,500.48 1 13
jumpstartcli/cmd/arcbox/arcbox.go:500.48,503.4 2 0
jumpstartcli/cmd/arcbox/arcbox.go:507.2,513.48 1 13
jumpstartcli/cmd/arcbox/arcbox.go:513.48,518.59 4 0
jumpstartcli/cmd/arcbox/arcbox.go:518.59,520.5 1 0
jumpstartcli/cmd/arcbox/arcbox.go:524.2,536.48 6 13
jumpstartcli/cmd/arcbox/arcbox.go:536.48,538.4 1 0
jumpstartcli/cmd/arcbox/arcbox.go:540.2,573.18 30 13
jumpstartcli/cmd/arcbox/arcbox.go:576.95,585.29 8 0
jumpstartcli/cmd/arcbox/arcbox.go:585.29,587.35 2 0
jumpstartcli/cmd/arcbox/arcbox.go:587.35,590.4 2 0
jumpstartcli/cmd/arcbox/arcbox.go:591.8,591.30 1 0
jumpstartcli/cmd/arcbox/arcbox.go:591.30,593.3 1 0
jumpstartcli/cmd/arcbox/arcbox.go:593.8,595.3 1 0
jumpstartcli/cmd/arcbox/arcbox.go:597.2,614.25 13 0
jumpstartcli/cmd/arcbox/arcbox.go:614.25,616.3 1 0
jumpstartcli/cmd/arcbox/arcbox.go:619.2,639.21 14 0
jumpstartcli/cmd/arcbox/arcbox.go:639.21,641.3 1 0
jumpstartcli/cmd/arcbox/arcbox.go:643.2,650.21 7 0
jumpstartcli/cmd/arcbox/arcbox.go:650.21,652.75 2 0
jumpstartcli/cmd/arcbox/arcbox.go:652.75,654.4 1 0
jumpstartcli/cmd/arcbox/arcbox.go:655.3,655.44 1 0
jumpstartcli/cmd/arcbox/arcbox.go:658.2,658.53 1 0
jumpstartcli/cmd/arcbox/arcbox.go:658.53,660.3 1 0
jumpstartcli/cmd/arcbox/arcbox.go:662.2,662.85 1 0
jumpstartcli/cmd/arcbox/arcbox.go:662.85,666.3 3 0
jumpstartcli/cmd/arcbox/arcbox.go:668.2,668.30 1 0
jumpstartcli/cmd/arcbox/arcbox.go:668.30,672.3 3 0
jumpstartcli/cmd/arcbox/arcbox.go:675.2,675.14 1 0
jumpstartcli/cmd/arcbox/arcbox.go:675.14,677.18 1 0
jumpstartcli/cmd/arcbox/arcbox.go:677.18,683.44 6 0
jumpstartcli/cmd/arcbox/arcbox.go:683.44,686.5 2 0
jumpstartcli/cmd/arcbox/arcbox.go:690.3,690.27 1 0
jumpstartcli/cmd/arcbox/arcbox.go:690.27,696.44 6 0
jumpstartcli/cmd/arcbox/arcbox.go:696.44,699.5 2 0
jumpstartcli/cmd/arcbox/arcbox.go:703.2,703.47 1 0
jumpstartcli/cmd/arcbox/arcbox.go:703.47,706.17 3 0
jumpstartcli/cmd/arcbox/arcbox.go:706.17,710.4 3 0
jumpstartcli/cmd/arcbox/arcbox.go:713.2,714.37 2 0
jumpstartcli/cmd/arcbox/arcbox.go:714.37,716.3 1 0
jumpstartcli/cmd/arcbox/arcbox.go:716.8,716.60 1 0
jumpstartcli/cmd/arcbox/arcbox.go:716.60,718.33 2 0
jumpstartcli/cmd/arcbox/arcbox.go:718.33,720.4 1 0
jumpstartcli/cmd/arcbox/arcbox.go:721.3,721.33 1 0
jumpstartcli/cmd/arcbox/arcbox.go:721.33,723.4 1 0
jumpstartcli/cmd/arcbox/arcbox.go:724.3,724.19 1 0
jumpstartcli/cmd/arcbox/arcbox.go:724.19,726.4 1 0
jumpstartcli/cmd/arcbox/arcbox.go:727.3,727.29 1 0
jumpstartcli/cmd/arcbox/arcbox.go:727.29,729.4 1 0
jumpstartcli/cmd/arcbox/arcbox.go:730.3,730.38 1 0
jumpstartcli/cmd/arcbox/arcbox.go:730.38,732.4 1 0
jumpstartcli/cmd/arcbox/arcbox.go:733.3,733.25 1 0
jumpstartcli/cmd/arcbox/arcbox.go:733.25,735.4 1 0
jumpstartcli/cmd/arcbox/arcbox.go:736.3,736.75 1 0
jumpstartcli/cmd/arcbox/arcbox.go:736.75,738.4 1 0
jumpstartcli/cmd/arcbox/arcbox.go:741.3,745.26 5 0
jumpstartcli/cmd/arcbox/arcbox.go:745.26,748.31 3 0
jumpstartcli/cmd/arcbox/arcbox.go:748.31,750.5 1 0
jumpstartcli/cmd/arcbox/arcbox.go:752.3,755.20 4 0
jumpstartcli/cmd/arcbox/arcbox.go:755.20,757.4 1 0
jumpstartcli/cmd/arcbox/arcbox.go:758.3,759.22 2 0
jumpstartcli/cmd/arcbox/arcbox.go:759.22,762.4 2 0
jumpstartcli/cmd/arcbox/arcbox.go:763.8,765.33 2 0
jumpstartcli/cmd/arcbox/arcbox.go:765.33,767.4 1 0
jumpstartcli/cmd/arcbox/arcbox.go:768.3,768.33 1 0
jumpstartcli/cmd/arcbox/arcbox.go:768.33,770.4 1 0
jumpstartcli/cmd/arcbox/arcbox.go:771.3,771.19 1 0
jumpstartcli/cmd/arcbox/arcbox.go:771.19,773.4 1 0
jumpstartcli/cmd/arcbox/arcbox.go:774.3,774.29 1 0
jumpstartcli/cmd/arcbox/arcbox.go:774.29,776.4 1 0
jumpstartcli/cmd/arcbox/arcbox.go:777.3,777.38 1 0
jumpstartcli/cmd/arcbox/arcbox.go:777.38,779.4 1 0
jumpstartcli/cmd/arcbox/arcbox.go:780.3,780.25 1 0
jumpstartcli/cmd/arcbox/arcbox.go:780.25,782.4 1 0
jumpstartcli/cmd/arcbox/arcbox.go:783.3,783.75 1 0
jumpstartcli/cmd/arcbox/arcbox.go:783.75,785.4 1 0
jumpstartcli/cmd/arcbox/arcbox.go:788.3,792.26 5 0
jumpstartcli/cmd/arcbox/arcbox.go:792.26,795.31 3 0
jumpstartcli/cmd/arcbox/arcbox.go:795.31,797.5 1 0
jumpstartcli/cmd/arcbox/arcbox.go:799.3,802.20 4 0
jumpstartcli/cmd/arcbox/arcbox.go:802.20,804.4 1 0
jumpstartcli/cmd/arcbox/arcbox.go:805.3,806.22 2 0
jumpstartcli/cmd/arcbox/arcbox.go:806.22,809.4 2 0
jumpstartcli/cmd/arcbox/arcbox.go:813.2,821.16 8 0
jumpstartcli/cmd/arcbox/arcbox.go:821.16,827.3 5 0
jumpstartcli/cmd/arcbox/arcbox.go:830.2,833.24 2 0
jumpstartcli/cmd/arcbox/arcbox.go:833.24,844.3 7 0
jumpstartcli/cmd/arcbox/arcbox.go:846.2,846.63 1 0
jumpstartcli/cmd/arcbox/arcbox.go:858.73,861.16 3 0
jumpstartcli/cmd/arcbox/arcbox.go:861.16,863.3 1 0
jumpstartcli/cmd/arcbox/arcbox.go:864.2,865.59 2 0
jumpstartcli/cmd/arcbox/arcbox.go:865.59,867.3 1 0
jumpstartcli/cmd/arcbox/arcbox.go:868.2,869.32 2 0
jumpstartcli/cmd/arcbox/arcbox.go:869.32,877.21 7 0
jumpstartcli/cmd/arcbox/arcbox.go:877.21,879.60 2 0
jumpstartcli/cmd/arcbox/arcbox.go:879.60,880.72 1 0
jumpstartcli/cmd/arcbox/arcbox.go:880.72,881.59 1 0
jumpstartcli/cmd/arcbox/arcbox.go:881.59,883.7 1 0
jumpstartcli/cmd/arcbox/arcbox.go:887.3,891.5 1 0
jumpstartcli/cmd/arcbox/arcbox.go:893.2,893.15 1 0
jumpstartcli/cmd/arcbox/arcbox.go:897.62,898.32 1 0
jumpstartcli/cmd/arcbox/arcbox.go:898.32,900.51 1 0
jumpstartcli/cmd/arcbox/arcbox.go:900.51,901.12 1 0
jumpstartcli/cmd/arcbox/arcbox.go:903.3,905.20 2 0
jumpstartcli/cmd/arcbox/arcbox.go:906.20,907.16 1 0
jumpstartcli/cmd/arcbox/arcbox.go:908.17,909.16 1 0
jumpstartcli/cmd/arcbox/arcbox.go:910.56,911.16 1 0
jumpstartcli/cmd/arcbox/arcbox.go:912.19,913.17 1 0
jumpstartcli/cmd/arcbox/arcbox.go:914.19,915.20 1 0
jumpstartcli/cmd/arcbox/arcbox.go:917.3,917.65 1 0
jumpstartcli/cmd/arcbox/arcbox.go:917.65,923.60 4 0
jumpstartcli/cmd/arcbox/arcbox.go:923.60,925.5 1 0
jumpstartcli/cmd/arcbox/arcbox.go:926.4,928.12 3 0
jumpstartcli/cmd/arcbox/arcbox.go:930.3,932.19 3 0
jumpstartcli/cmd/arcbox/arcbox.go:937.75,950.12 9 0
jumpstartcli/cmd/arcbox/arcbox.go:950.12,951.7 1 0
jumpstartcli/cmd/arcbox/arcbox.go:951.7,952.11 1 0
jumpstartcli/cmd/arcbox/arcbox.go:953.23,958.11 4 0
jumpstartcli/cmd/arcbox/arcbox.go:959.12,963.38 3 0
jumpstartcli/cmd/arcbox/arcbox.go:968.2,981.6 5 0
jumpstartcli/cmd/arcbox/arcbox.go:981.6,982.33 1 0
jumpstartcli/cmd/arcbox/arcbox.go:982.33,987.32 5 0
jumpstartcli/cmd/arcbox/arcbox.go:987.32,989.46 2 0
jumpstartcli/cmd/arcbox/arcbox.go:989.46,991.6 1 0
jumpstartcli/cmd/arcbox/arcbox.go:993.4,996.32 4 0
jumpstartcli/cmd/arcbox/arcbox.go:996.32,997.28 1 0
jumpstartcli/cmd/arcbox/arcbox.go:997.28,999.6 1 0
jumpstartcli/cmd/arcbox/arcbox.go:1000.5,1000.31 1 0
jumpstartcli/cmd/arcbox/arcbox.go:1000.31,1002.6 1 0
jumpstartcli/cmd/arcbox/arcbox.go:1003.5,1003.155 1 0
jumpstartcli/cmd/arcbox/arcbox.go:1003.155,1005.6 1 0
jumpstartcli/cmd/arcbox/arcbox.go:1009.4,1009.27 1 0
jumpstartcli/cmd/arcbox/arcbox.go:1009.27,1012.5 2 0
jumpstartcli/cmd/arcbox/arcbox.go:1012.10,1012.69 1 0
jumpstartcli/cmd/arcbox/arcbox.go:1012.69,1018.33 6 0
jumpstartcli/cmd/arcbox/arcbox.go:1018.33,1020.6 1 0
jumpstartcli/cmd/arcbox/arcbox.go:1023.4,1023.61 1 0
jumpstartcli/cmd/arcbox/arcbox.go:1023.61,1031.10 7 0
jumpstartcli/cmd/arcbox/arcbox.go:1033.4,1033.44 1 0
jumpstartcli/cmd/arcbox/arcbox.go:1033.44,1039.30 4 0
jumpstartcli/cmd/arcbox/arcbox.go:1039.30,1041.6 1 0
jumpstartcli/cmd/arcbox/arcbox.go:1042.5,1047.19 4 0
jumpstartcli/cmd/arcbox/arcbox.go:1047.19,1051.6 2 0
jumpstartcli/cmd/arcbox/arcbox.go:1051.11,1054.6 1 0
jumpstartcli/cmd/arcbox/arcbox.go:1055.5,1055.10 1 0
jumpstartcli/cmd/arcbox/arcbox.go:1057.4,1057.38 1 0
jumpstartcli/cmd/arcbox/arcbox.go:1057.38,1058.49 1 0
jumpstartcli/cmd/arcbox/arcbox.go:1058.49,1062.6 3 0
jumpstartcli/cmd/arcbox/arcbox.go:1064.4,1064.43 1 0
jumpstartcli/cmd/arcbox/arcbox.go:1066.3,1066.41 1 0
jumpstartcli/cmd/arcbox/arcbox.go:1066.41,1068.4 1 0
jumpstartcli/cmd/arcbox/arcbox.go:1069.3,1069.37 1 0
jumpstartcli/cmd/arcbox/arcbox.go:1071.2,1071.17 1 0
jumpstartcli/cmd/arcbox/arcbox.go:1088.107,1092.22 3 0
jumpstartcli/cmd/arcbox/arcbox.go:1092.22,1095.3 2 0
jumpstartcli/cmd/arcbox/arcbox.go:1095.8,1095.33 1 0
jumpstartcli/cmd/arcbox/arcbox.go:1095.33,1098.17 3 0
jumpstartcli/cmd/arcbox/arcbox.go:1098.17,1100.4 1 0
jumpstartcli/cmd/arcbox/arcbox.go:1101.3,1101.43 1 0
jumpstartcli/cmd/arcbox/arcbox.go:1102.8,1102.32 1 0
jumpstartcli/cmd/arcbox/arcbox.go:1102.32,1106.17 3 0
jumpstartcli/cmd/arcbox/arcbox.go:1106.17,1108.4 1 0
jumpstartcli/cmd/arcbox/arcbox.go:1109.3,1109.43 1 0
jumpstartcli/cmd/arcbox/arcbox.go:1112.2,1112.16 1 0
jumpstartcli/cmd/arcbox/arcbox.go:1112.16,1114.3 1 0
jumpstartcli/cmd/arcbox/arcbox.go:1116.2,1117.36 2 0
jumpstartcli/cmd/arcbox/arcbox.go:1117.36,1121.3 2 0
jumpstartcli/cmd/arcbox/arcbox.go:1123.2,1123.30 1 0
jumpstartcli/cmd/arcbox/arcbox.go:1123.30,1125.48 2 0
jumpstartcli/cmd/arcbox/arcbox.go:1125.48,1127.4 1 0
jumpstartcli/cmd/arcbox/arcbox.go:1128.3,1128.13 1 0
jumpstartcli/cmd/arcbox/arcbox.go:1132.2,1132.39 1 0
jumpstartcli/cmd/arcbox/arcbox.go:1133.14,1134.53 1 0
jumpstartcli/cmd/arcbox/arcbox.go:1135.15,1136.14 1 0
jumpstartcli/cmd/arcbox/arcbox.go:1137.10,1138.54 1 0
jumpstartcli/cmd/arcbox/arcbox.go:1149.57,1152.16 3 0
jumpstartcli/cmd/arcbox/arcbox.go:1152.16,1154.3 1 0
jumpstartcli/cmd/arcbox/arcbox.go:1156.2,1157.63 2 0
jumpstartcli/cmd/arcbox/arcbox.go:1157.63,1159.3 1 0
jumpstartcli/cmd/arcbox/arcbox.go:1161.2,1161.27 1 0
jumpstartcli/cmd/arcbox/arcbox.go:1165.58,1168.16 3 0
jumpstartcli/cmd/arcbox/arcbox.go:1168.16,1170.3 1 0
jumpstartcli/cmd/arcbox/arcbox.go:1172.2,1173.62 2 0
jumpstartcli/cmd/arcbox/arcbox.go:1173.62,1175.3 1 0
jumpstartcli/cmd/arcbox/arcbox.go:1177.2,1177.26 1 0
jumpstartcli/cmd/arcbox/arcbox.go:1181.72,1184.16 3 0
jumpstartcli/cmd/arcbox/arcbox.go:1184.16,1186.3 1 0
jumpstartcli/cmd/arcbox/arcbox.go:1188.2,1189.62 2 0
jumpstartcli/cmd/arcbox/arcbox.go:1189.62,1191.3 1 0
jumpstartcli/cmd/arcbox/arcbox.go:1193.2,1193.26 1 0
jumpstartcli/cmd/arcbox/arcbox.go:1197.101,1199.61 1 0
jumpstartcli/cmd/arcbox/arcbox.go:1199.61,1201.3 1 0
jumpstartcli/cmd/arcbox/arcbox.go:1204.2,1206.16 3 0
jumpstartcli/cmd/arcbox/arcbox.go:1206.16,1208.3 1 0
jumpstartcli/cmd/arcbox/arcbox.go:1210.2,1211.64 2 0
jumpstartcli/cmd/arcbox/arcbox.go:1211.64,1213.3 1 0
jumpstartcli/cmd/arcbox/arcbox.go:1219.2,1220.36 2 0
jumpstartcli/cmd/arcbox/arcbox.go:1220.36,1229.55 3 0
jumpstartcli/cmd/arcbox/arcbox.go:1229.55,1230.12 1 0
jumpstartcli/cmd/arcbox/arcbox.go:1233.3,1233.42 1 0
jumpstartcli/cmd/arcbox/arcbox.go:1239.2,1240.34 2 0
jumpstartcli/cmd/arcbox/arcbox.go:1240.34,1247.36 3 0
jumpstartcli/cmd/arcbox/arcbox.go:1247.36,1259.4 3 0
jumpstartcli/cmd/arcbox/arcbox.go:1262.2,1262.25 1 0
jumpstartcli/cmd/arcbox/arcbox.go:1266.59,1269.58 2 0
jumpstartcli/cmd/arcbox/arcbox.go:1269.58,1271.3 1 0
jumpstartcli/cmd/arcbox/arcbox.go:1274.2,1274.49 1 0
jumpstartcli/cmd/arcbox/arcbox.go:1274.49,1276.3 1 0
jumpstartcli/cmd/arcbox/arcbox.go:1279.2,1279.56 1 0
jumpstartcli/cmd/arcbox/arcbox.go:1279.56,1281.3 1 0
jumpstartcli/cmd/arcbox/arcbox.go:1284.2,1284.45 1 0
jumpstartcli/cmd/arcbox/arcbox.go:1284.45,1286.3 1 0
jumpstartcli/cmd/arcbox/arcbox.go:1289.2,1289.45 1 0
jumpstartcli/cmd/arcbox/arcbox.go:1289.45,1291.3 1 0
jumpstartcli/cmd/arcbox/arcbox.go:1294.2,1294.47 1 0
jumpstartcli/cmd/arcbox/arcbox.go:1294.47,1296.3 1 0
jumpstartcli/cmd/arcbox/arcbox.go:1301.2,1301.14 1 0
jumpstartcli/cmd/arcbox/arcbox.go:1305.58,1309.16 3 0
jumpstartcli/cmd/arcbox/arcbox.go:1309.16,1311.3 1 0
jumpstartcli/cmd/arcbox/arcbox.go:1312.2,1312.48 1 0
jumpstartcli/cmd/arcbox/arcbox.go:1316.58,1320.16 3 0
jumpstartcli/cmd/arcbox/arcbox.go:1320.16,1322.3 1 0
jumpstartcli/cmd/arcbox/arcbox.go:1323.2,1323.48 1 0
jumpstartcli/cmd/arcbox/arcbox.go:1327.60,1331.16 3 0
jumpstartcli/cmd/arcbox/arcbox.go:1331.16,1333.3 1 0
jumpstartcli/cmd/arcbox/arcbox.go:1334.2,1334.48 1 0
jumpstartcli/cmd/arcbox/arcbox.go:1338.56,1346.51 2 0
jumpstartcli/cmd/arcbox/arcbox.go:1346.51,1350.60 3 0
jumpstartcli/cmd/arcbox/arcbox.go:1350.60,1352.4 1 0
jumpstartcli/cmd/arcbox/arcbox.go:1354.2,1354.13 1 0
jumpstartcli/cmd/arcbox/arcbox.go:1358.59,1370.2 4 0
jumpstartcli/cmd/arcbox/arcbox.go:1373.53,1376.16 3 0
jumpstartcli/cmd/arcbox/arcbox.go:1376.16,1378.3 1 0
jumpstartcli/cmd/arcbox/arcbox.go:1379.2,1380.16 2 0
jumpstartcli/cmd/arcbox/arcbox.go:1380.16,1382.3 1 0
jumpstartcli/cmd/arcbox/arcbox.go:1383.2,1383.14 1 0
jumpstartcli/cmd/arcbox/arcbox.go:1387.68,1392.65 3 0
jumpstartcli/cmd/arcbox/arcbox.go:1392.65,1393.102 1 0
jumpstartcli/cmd/arcbox/arcbox.go:1393.102,1397.4 2 0
jumpstartcli/cmd/arcbox/arcbox.go:1402.2,1404.107 2 0
jumpstartcli/cmd/arcbox/arcbox.go:1404.107,1409.129 2 0
jumpstartcli/cmd/arcbox/arcbox.go:1409.129,1410.105 1 0
jumpstartcli/cmd/arcbox/arcbox.go:1410.105,1414.5 2 0
jumpstartcli/cmd/arcbox/arcbox.go:1418.2,1418.18 1 0
jumpstartcli/cmd/arcbox/arcbox.go:1423.68,1428.16 3 0
jumpstartcli/cmd/arcbox/arcbox.go:1428.16,1431.3 1 0
jumpstartcli/cmd/arcbox/arcbox.go:1433.2,1434.59 2 0
jumpstartcli/cmd/arcbox/arcbox.go:1434.59,1437.3 1 0
jumpstartcli/cmd/arcbox/arcbox.go:1440.2,1446.16 4 0
jumpstartcli/cmd/arcbox/arcbox.go:1446.16,1449.3 1 0
jumpstartcli/cmd/arcbox/arcbox.go:1451.2,1452.18 2 0
jumpstartcli/cmd/arcbox/arcbox.go:1452.18,1455.3 1 0
jumpstartcli/cmd/arcbox/arcbox.go:1458.2,1458.25 1 0
jumpstartcli/cmd/arcbox/arcbox.go:1462.76,1466.97 2 0
jumpstartcli/cmd/arcbox/arcbox.go:1466.97,1468.3 1 0
jumpstartcli/cmd/arcbox/arcbox.go:1471.2,1473.97 2 0
jumpstartcli/cmd/arcbox/arcbox.go:1473.97,1475.3 1 0
jumpstartcli/cmd/arcbox/arcbox.go:1478.2,1479.49 2 0
jumpstartcli/cmd/arcbox/arcbox.go:1479.49,1481.34 2 0
jumpstartcli/cmd/arcbox/arcbox.go:1481.34,1483.20 2 0
jumpstartcli/cmd/arcbox/arcbox.go:1483.20,1485.43 1 0
jumpstartcli/cmd/arcbox/arcbox.go:1485.43,1487.22 2 0
jumpstartcli/cmd/arcbox/arcbox.go:1487.22,1489.7 1 0
jumpstartcli/cmd/arcbox/arcbox.go:1495.2,1495.26 1 0
jumpstartcli/cmd/arcbox/arcbox.go:1499.59,1504.16 3 0
jumpstartcli/cmd/arcbox/arcbox.go:1504.16,1506.3 1 0
jumpstartcli/cmd/arcbox/arcbox.go:1508.2,1509.61 2 0
jumpstartcli/cmd/arcbox/arcbox.go:1509.61,1511.3 1 0
jumpstartcli/cmd/arcbox/arcbox.go:1513.2,1513.27 1 0
jumpstartcli/cmd/arcbox/arcbox.go:1513.27,1515.3 1 0
jumpstartcli/cmd/arcbox/arcbox.go:1518.2,1522.41 4 0
jumpstartcli/cmd/arcbox/arcbox.go:1522.41,1527.56 3 0
jumpstartcli/cmd/arcbox/arcbox.go:1527.56,1530.4 2 0
jumpstartcli/cmd/arcbox/arcbox.go:1533.3,1533.24 1 0
jumpstartcli/cmd/arcbox/arcbox.go:1533.24,1535.4 1 0
jumpstartcli/cmd/arcbox/arcbox.go:1539.2,1539.25 1 0
jumpstartcli/cmd/arcbox/arcbox.go:1539.25,1541.41 1 0
jumpstartcli/cmd/arcbox/arcbox.go:1541.41,1543.4 1 0
jumpstartcli/cmd/arcbox/arcbox.go:1545.3,1545.16 1 0
jumpstartcli/cmd/arcbox/arcbox.go:1545.16,1547.4 1 0
jumpstartcli/cmd/arcbox/arcbox.go:1549.3,1549.32 1 0
jumpstartcli/cmd/arcbox/arcbox.go:1553.2,1553.15 1 0
jumpstartcli/cmd/arcbox/arcbox.go:1553.15,1555.3 1 0
jumpstartcli/cmd/arcbox/arcbox.go:1558.2,1561.16 3 0
jumpstartcli/cmd/arcbox/arcbox.go:1561.16,1563.3 1 0
jumpstartcli/cmd/arcbox/arcbox.go:1565.2,1566.18 2 0
jumpstartcli/cmd/arcbox/arcbox.go:1566.18,1568.3 1 0
jumpstartcli/cmd/arcbox/arcbox.go:1570.2,1570.15 1 0
jumpstartcli/cmd/arcbox/arcbox.go:1574.73,1580.41 4 0
jumpstartcli/cmd/arcbox/arcbox.go:1580.41,1586.24 4 0
jumpstartcli/cmd/arcbox/arcbox.go:1586.24,1588.4 1 0
jumpstartcli/cmd/arcbox/arcbox.go:1590.3,1598.5 1 0
jumpstartcli/cmd/arcbox/arcbox.go:1601.2,1604.12 3 0
jumpstartcli/cmd/arcbox/arcbox.go:1608.72,1610.16 2 0
jumpstartcli/cmd/arcbox/arcbox.go:1610.16,1612.3 1 0
jumpstartcli/cmd/arcbox/arcbox.go:1614.2,1615.12 2 0
jumpstartcli/cmd/arcbox/arcbox.go:1619.42,1620.33 1 0
jumpstartcli/cmd/arcbox/arcbox.go:1621.19,1622.15 1 0
jumpstartcli/cmd/arcbox/arcbox.go:1623.16,1624.15 1 0
jumpstartcli/cmd/arcbox/arcbox.go:1625.55,1626.15 1 0
jumpstartcli/cmd/arcbox/arcbox.go:1627.31,1628.16 1 0
jumpstartcli/cmd/arcbox/arcbox.go:1629.10,1630.15 1 0
jumpstartcli/cmd/arcbox/arcbox.go:1635.82,1638.16 3 0
jumpstartcli/cmd/arcbox/arcbox.go:1638.16,1640.3 1 0
jumpstartcli/cmd/arcbox/arcbox.go:1641.2,1642.56 2 0
jumpstartcli/cmd/arcbox/arcbox.go:1642.56,1644.3 1 0
jumpstartcli/cmd/arcbox/arcbox.go:1645.2,1645.68 1 0
jumpstartcli/cmd/arcbox/arcbox.go:1645.68,1646.59 1 0
jumpstartcli/cmd/arcbox/arcbox.go:1646.59,1648.4 1 0
jumpstartcli/cmd/arcbox/arcbox.go:1650.2,1650.18 1 0
jumpstartcli/cmd/arcbox/arcbox.go:1654.72,1657.16 3 0
jumpstartcli/cmd/arcbox/arcbox.go:1657.16,1660.3 2 0
jumpstartcli/cmd/arcbox/arcbox.go:1661.2,1662.56 2 0
jumpstartcli/cmd/arcbox/arcbox.go:1662.56,1665.3 2 0
jumpstartcli/cmd/arcbox/arcbox.go:1666.2,1666.68 1 0
jumpstartcli/cmd/arcbox/arcbox.go:1666.68,1667.64 1 0
jumpstartcli/cmd/arcbox/arcbox.go:1667.64,1668.49 1 0
jumpstartcli/cmd/arcbox/arcbox.go:1668.49,1670.5 1 0
jumpstartcli/cmd/arcbox/arcbox.go:1676.94,1679.16 3 0
jumpstartcli/cmd/arcbox/arcbox.go:1679.16,1681.3 1 0
jumpstartcli/cmd/arcbox/arcbox.go:1683.2,1684.56 2 0
jumpstartcli/cmd/arcbox/arcbox.go:1684.56,1686.3 1 0
jumpstartcli/cmd/arcbox/arcbox.go:1688.2,1688.68 1 0
jumpstartcli/cmd/arcbox/arcbox.go:1688.68,1691.48 2 0
jumpstartcli/cmd/arcbox/arcbox.go:1691.48,1693.4 1 0
jumpstartcli/cmd/arcbox/arcbox.go:1694.3,1694.53 1 0
jumpstartcli/cmd/arcbox/arcbox.go:1694.53,1696.22 1 0
jumpstartcli/cmd/arcbox/arcbox.go:1696.22,1698.19 2 0
jumpstartcli/cmd/arcbox/arcbox.go:1698.19,1700.6 1 0
jumpstartcli/cmd/arcbox/arcbox.go:1705.3,1705.25 1 0
jumpstartcli/cmd/arcbox/arcbox.go:1705.25,1706.76 1 0
jumpstartcli/cmd/arcbox/arcbox.go:1706.76,1709.25 2 0
jumpstartcli/cmd/arcbox/arcbox.go:1709.25,1710.69 1 0
jumpstartcli/cmd/arcbox/arcbox.go:1710.69,1712.7 1 0
jumpstartcli/cmd/arcbox/arcbox.go:1714.5,1714.39 1 0
jumpstartcli/cmd/arcbox/arcbox.go:1719.2,1719.76 1 0
jumpstartcli/cmd/arcbox/arcbox.go:1723.67,1725.40 1 0
jumpstartcli/cmd/arcbox/arcbox.go:1725.40,1727.3 1 0
jumpstartcli/cmd/arcbox/arcbox.go:1728.2,1733.52 3 0
jumpstartcli/cmd/arcbox/arcbox.go:1733.52,1735.17 2 0
jumpstartcli/cmd/arcbox/arcbox.go:1735.17,1737.4 1 0
jumpstartcli/cmd/arcbox/arcbox.go:1738.3,1739.30 2 0
jumpstartcli/cmd/arcbox/arcbox.go:1743.2,1743.52 1 0
jumpstartcli/cmd/arcbox/arcbox.go:1743.52,1745.17 2 0
jumpstartcli/cmd/arcbox/arcbox.go:1745.17,1747.4 1 0
jumpstartcli/cmd/arcbox/arcbox.go:1748.3,1749.30 2 0
jumpstartcli/cmd/arcbox/arcbox.go:1753.2,1753.52 1 0
jumpstartcli/cmd/arcbox/arcbox.go:1753.52,1755.17 2 0
jumpstartcli/cmd/arcbox/arcbox.go:1755.17,1757.4 1 0
jumpstartcli/cmd/arcbox/arcbox.go:1758.3,1758.65 1 0
jumpstartcli/cmd/arcbox/arcbox.go:1761.2,1761.27 1 0
jumpstartcli/cmd/arcbox/arcbox.go:1767.48,1768.33 1 0
jumpstartcli/cmd/arcbox/arcbox.go:1769.25,1770.17 1 0
jumpstartcli/cmd/arcbox/arcbox.go:1771.27,1772.18 1 0
jumpstartcli/cmd/arcbox/arcbox.go:1773.29,1774.19 1 0
jumpstartcli/cmd/arcbox/arcbox.go:1775.13,1776.15 1 0
jumpstartcli/cmd/arcbox/arcbox.go:1777.10,1778.16 1 0
jumpstartcli/cmd/arcbox/arcbox.go:1783.59,1784.34 1 0
jumpstartcli/cmd/arcbox/arcbox.go:1785.19,1786.21 1 0
jumpstartcli/cmd/arcbox/arcbox.go:1787.18,1788.20 1 0
jumpstartcli/cmd/arcbox/arcbox.go:1789.20,1790.22 1 0
jumpstartcli/cmd/arcbox/arcbox.go:1791.10,1792.17 1 0
jumpstartcli/cmd/arcbox/arcbox.go:1797.49,1798.30 1 0
jumpstartcli/cmd/arcbox/arcbox.go:1799.15,1800.17 1 0
jumpstartcli/cmd/arcbox/arcbox.go:1801.18,1802.20 1 0
jumpstartcli/cmd/arcbox/arcbox.go:1803.19,1804.21 1 0
jumpstartcli/cmd/arcbox/arcbox.go:1805.10,1806.13 1 0
jumpstartcli/cmd/arcbox/arcbox.go:1811.51,1814.24 2 0
jumpstartcli/cmd/arcbox/arcbox.go:1814.24,1816.3 1 0
jumpstartcli/cmd/arcbox/arcbox.go:1819.2,1819.58 1 0
jumpstartcli/cmd/arcbox/arcbox.go:1819.58,1821.3 1 0
jumpstartcli/cmd/arcbox/arcbox.go:1824.2,1825.16 2 0
jumpstartcli/cmd/arcbox/arcbox.go:1825.16,1827.3 1 0
jumpstartcli/cmd/arcbox/arcbox.go:1829.2,1829.11 1 0
jumpstartcli/cmd/arcbox/arcbox.go:1833.76,1849.12 7 0
jumpstartcli/cmd/arcbox/arcbox.go:1849.12,1850.7 1 0
jumpstartcli/cmd/arcbox/arcbox.go:1850.7,1851.11 1 0
jumpstartcli/cmd/arcbox/arcbox.go:1852.23,1858.11 4 0
jumpstartcli/cmd/arcbox/arcbox.go:1859.12,1863.39 3 0
jumpstartcli/cmd/arcbox/arcbox.go:1869.2,1875.16 4 0
jumpstartcli/cmd/arcbox/arcbox.go:1875.16,1879.3 3 0
jumpstartcli/cmd/arcbox/arcbox.go:1882.2,1884.20 3 0
jumpstartcli/cmd/arcbox/arcbox.go:1888.56,1889.26 1 0
jumpstartcli/cmd/arcbox/arcbox.go:1889.26,1891.3 1 0
jumpstartcli/cmd/arcbox/arcbox.go:1892.2,1893.18 2 0
jumpstartcli/cmd/arcbox/arcbox.go:1897.87,1898.26 1 0
jumpstartcli/cmd/arcbox/arcbox.go:1898.26,1899.62 1 0
jumpstartcli/cmd/arcbox/arcbox.go:1899.62,1901.4 1 0
jumpstartcli/cmd/arcbox/arcbox.go:1904.2,1906.16 3 0
jumpstartcli/cmd/arcbox/arcbox.go:1906.16,1908.3 1 0
jumpstartcli/cmd/arcbox/arcbox.go:1910.2,1911.20 2 0
jumpstartcli/cmd/arcbox/arcbox.go:1918.50,1919.25 1 0
jumpstartcli/cmd/arcbox/arcbox.go:1919.25,1921.3 1 0
jumpstartcli/cmd/arcbox/arcbox.go:1924.2,1925.94 2 0
jumpstartcli/cmd/arcbox/arcbox.go:1925.94,1927.3 1 0
jumpstartcli/cmd/arcbox/arcbox.go:1930.2,1933.42 3 0
jumpstartcli/cmd/arcbox/arcbox.go:1933.42,1937.3 3 0
jumpstartcli/cmd/arcbox/arcbox.go:1939.2,1942.37 3 0
jumpstartcli/cmd/arcbox/arcbox.go:1942.37,1944.21 2 0
jumpstartcli/cmd/arcbox/arcbox.go:1944.21,1945.12 1 0
jumpstartcli/cmd/arcbox/arcbox.go:1948.3,1954.59 3 0
jumpstartcli/cmd/arcbox/arcbox.go:1954.59,1956.4 1 0
jumpstartcli/cmd/arcbox/arcbox.go:1959.3,1959.15 1 0
jumpstartcli/cmd/arcbox/arcbox.go:1959.15,1960.78 1 0
jumpstartcli/cmd/arcbox/arcbox.go:1960.78,1961.78 1 0
jumpstartcli/cmd/arcbox/arcbox.go:1961.78,1963.6 1 0
jumpstartcli/cmd/arcbox/arcbox.go:1967.3,1967.15 1 0
jumpstartcli/cmd/arcbox/arcbox.go:1967.15,1972.24 3 0
jumpstartcli/cmd/arcbox/arcbox.go:1972.24,1973.71 1 0
jumpstartcli/cmd/arcbox/arcbox.go:1973.71,1975.6 1 0
jumpstartcli/cmd/arcbox/arcbox.go:1980.2,1980.31 1 0
jumpstartcli/cmd/arcbox/arcbox.go:1980.31,1983.27 2 0
jumpstartcli/cmd/arcbox/arcbox.go:1983.27,1985.4 1 0
jumpstartcli/cmd/arcbox/arcbox.go:1987.3,1989.36 2 0
jumpstartcli/cmd/arcbox/arcbox.go:1992.2,1992.12 1 0
jumpstartcli/cmd/arcbox/arcbox.go:1996.78,1998.46 2 0
jumpstartcli/cmd/arcbox/arcbox.go:1998.46,2000.3 1 0
jumpstartcli/cmd/arcbox/arcbox.go:2001.2,2001.16 1 0
jumpstartcli/cmd/arcbox/arcbox.go:2005.85,2007.46 2 0
jumpstartcli/cmd/arcbox/arcbox.go:2007.46,2009.3 1 0
jumpstartcli/cmd/arcbox/arcbox.go:2010.2,2010.16 1 0
jumpstartcli/cmd/arcbox/arcbox.go:2015.80,2020.24 3 0
jumpstartcli/cmd/arcbox/arcbox.go:2020.24,2023.3 2 0
jumpstartcli/cmd/arcbox/arcbox.go:2026.2,2027.21 2 0
jumpstartcli/cmd/arcbox/arcbox.go:2027.21,2029.60 1 0
jumpstartcli/cmd/arcbox/arcbox.go:2029.60,2032.4 2 0
jumpstartcli/cmd/arcbox/arcbox.go:2034.3,2035.31 2 0
jumpstartcli/cmd/arcbox/arcbox.go:2035.31,2037.4 1 0
jumpstartcli/cmd/arcbox/arcbox.go:2038.3,2039.31 2 0
jumpstartcli/cmd/arcbox/arcbox.go:2039.31,2041.4 1 0
jumpstartcli/cmd/arcbox/arcbox.go:2042.8,2044.3 1 0
jumpstartcli/cmd/arcbox/arcbox.go:2046.2,2046.23 1 0
jumpstartcli/cmd/arcbox/arcbox.go:2046.23,2049.3 2 0
jumpstartcli/cmd/arcbox/arcbox.go:2051.2,2071.12 9 0
jumpstartcli/cmd/arcbox/arcbox.go:2071.12,2072.7 1 0
jumpstartcli/cmd/arcbox/arcbox.go:2072.7,2073.11 1 0
jumpstartcli/cmd/arcbox/arcbox.go:2074.23,2080.11 4 0
jumpstartcli/cmd/arcbox/arcbox.go:2081.12,2085.39 3 0
jumpstartcli/cmd/arcbox/arcbox.go:2091.2,2099.30 5 0
jumpstartcli/cmd/arcbox/arcbox.go:2099.30,2101.3 1 0
jumpstartcli/cmd/arcbox/arcbox.go:2102.2,2102.38 1 0
jumpstartcli/cmd/arcbox/arcbox.go:2102.38,2104.3 1 0
jumpstartcli/cmd/arcbox/arcbox.go:2106.2,2107.31 2 0
jumpstartcli/cmd/arcbox/arcbox.go:2107.31,2109.3 1 0
jumpstartcli/cmd/arcbox/arcbox.go:2109.8,2111.3 1 0
jumpstartcli/cmd/arcbox/arcbox.go:2114.2,2122.30 5 0
jumpstartcli/cmd/arcbox/arcbox.go:2122.30,2140.13 8 0
jumpstartcli/cmd/arcbox/arcbox.go:2140.13,2141.8 1 0
jumpstartcli/cmd/arcbox/arcbox.go:2141.8,2142.12 1 0
jumpstartcli/cmd/arcbox/arcbox.go:2143.29,2149.12 4 0
jumpstartcli/cmd/arcbox/arcbox.go:2150.13,2154.40 3 0
jumpstartcli/cmd/arcbox/arcbox.go:2160.3,2172.16 7 0
jumpstartcli/cmd/arcbox/arcbox.go:2172.16,2173.55 1 0
jumpstartcli/cmd/arcbox/arcbox.go:2173.55,2177.5 2 0
jumpstartcli/cmd/arcbox/arcbox.go:2177.10,2177.70 1 0
jumpstartcli/cmd/arcbox/arcbox.go:2177.70,2180.5 1 0
jumpstartcli/cmd/arcbox/arcbox.go:2180.10,2183.5 2 0
jumpstartcli/cmd/arcbox/arcbox.go:2184.9,2187.4 2 0
jumpstartcli/cmd/arcbox/arcbox.go:2190.3,2192.30 3 0
jumpstartcli/cmd/arcbox/arcbox.go:2192.30,2196.4 3 0
jumpstartcli/cmd/arcbox/arcbox.go:2196.9,2196.39 1 0
jumpstartcli/cmd/arcbox/arcbox.go:2196.39,2200.4 3 0
jumpstartcli/cmd/arcbox/arcbox.go:2200.9,2200.22 1 0
jumpstartcli/cmd/arcbox/arcbox.go:2200.22,2204.4 3 0
jumpstartcli/cmd/arcbox/arcbox.go:2204.9,2208.4 3 0
jumpstartcli/cmd/arcbox/arcbox.go:2211.3,2223.27 3 0
jumpstartcli/cmd/arcbox/arcbox.go:2227.2,2232.15 4 0
jumpstartcli/cmd/arcbox/arcbox.go:2232.15,2235.3 1 0
jumpstartcli/cmd/arcbox/arcbox.go:2235.8,2239.3 2 0
jumpstartcli/cmd/arcbox/arcbox.go:2241.2,2241.18 1 0
jumpstartcli/cmd/arcbox/arcbox.go:2245.44,2246.33 1 0
jumpstartcli/cmd/arcbox/arcbox.go:2247.15,2248.37 1 0
jumpstartcli/cmd/arcbox/arcbox.go:2249.16,2250.107 1 0
jumpstartcli/cmd/arcbox/arcbox.go:2251.17,2252.107 1 0
jumpstartcli/cmd/arcbox/arcbox.go:2253.10,2254.20 1 0
jumpstartcli/cmd/arcbox/arcbox.go:2259.44,2267.34 2 0
jumpstartcli/cmd/arcbox/arcbox.go:2267.34,2269.3 1 0
jumpstartcli/cmd/arcbox/arcbox.go:2270.2,2270.10 1 0
jumpstartcli/cmd/arcbox/arcbox.go:2274.49,2277.20 3 0
jumpstartcli/cmd/arcbox/arcbox.go:2277.20,2279.3 1 0
jumpstartcli/cmd/arcbox/arcbox.go:2281.2,2286.25 4 0
jumpstartcli/cmd/arcbox/arcbox.go:2286.25,2287.27 1 0
jumpstartcli/cmd/arcbox/arcbox.go:2287.27,2288.12 1 0
jumpstartcli/cmd/arcbox/arcbox.go:2290.3,2290.23 1 0
jumpstartcli/cmd/arcbox/arcbox.go:2294.2,2294.70 1 0
jumpstartcli/cmd/arcbox/arcbox.go:2294.70,2296.3 1 0
jumpstartcli/cmd/arcbox/arcbox.go:2298.2,2299.15 2 0
jumpstartcli/cmd/arcbox/arcbox.go:2303.38,2304.25 1 0
jumpstartcli/cmd/arcbox/arcbox.go:2305.15,2306.16 1 0
jumpstartcli/cmd/arcbox/arcbox.go:2307.11,2308.11 1 0
jumpstartcli/cmd/arcbox/arcbox.go:2309.13,2310.16 1 0
jumpstartcli/cmd/arcbox/arcbox.go:2311.14,2312.49 1 0
jumpstartcli/cmd/arcbox/arcbox.go:2312.49,2314.4 1 0
jumpstartcli/cmd/arcbox/arcbox.go:2316.2,2316.10 1 0
jumpstartcli/cmd/upgrade/upgrade.go:15.37,29.55 1 18
jumpstartcli/cmd/upgrade/upgrade.go:29.55,35.23 4 4
jumpstartcli/cmd/upgrade/upgrade.go:35.23,37.5 1 1
jumpstartcli/cmd/upgrade/upgrade.go:40.4,43.18 3 4
jumpstartcli/cmd/upgrade/upgrade.go:43.18,45.45 1 4
jumpstartcli/cmd/upgrade/upgrade.go:45.45,53.6 7 4
jumpstartcli/cmd/upgrade/upgrade.go:54.5,54.62 1 0
jumpstartcli/cmd/upgrade/upgrade.go:58.4,61.17 2 0
jumpstartcli/cmd/upgrade/upgrade.go:61.17,63.5 1 0
jumpstartcli/cmd/upgrade/upgrade.go:66.4,66.38 1 0
jumpstartcli/cmd/upgrade/upgrade.go:66.38,67.14 1 0
jumpstartcli/cmd/upgrade/upgrade.go:67.14,69.6 1 0
jumpstartcli/cmd/upgrade/upgrade.go:70.5,70.15 1 0
jumpstartcli/cmd/upgrade/upgrade.go:74.4,74.36 1 0
jumpstartcli/cmd/upgrade/upgrade.go:74.36,76.38 1 0
jumpstartcli/cmd/upgrade/upgrade.go:76.38,85.6 8 0
jumpstartcli/cmd/upgrade/upgrade.go:87.5,93.19 5 0
jumpstartcli/cmd/upgrade/upgrade.go:93.19,95.6 1 0
jumpstartcli/cmd/upgrade/upgrade.go:98.5,99.19 2 0
jumpstartcli/cmd/upgrade/upgrade.go:99.19,101.6 1 0
jumpstartcli/cmd/upgrade/upgrade.go:103.5,104.46 1 0
jumpstartcli/cmd/upgrade/upgrade.go:107.4,107.14 1 0
jumpstartcli/cmd/upgrade/upgrade.go:111.2,115.19 4 18
jumpstartcli/internal/utils/resourceproviders.go:22.50,35.2 1 3
jumpstartcli/internal/utils/resourceproviders.go:39.52,49.2 1 3
jumpstartcli/internal/utils/resourceproviders.go:53.49,63.2 1 3
jumpstartcli/internal/utils/resourceproviders.go:66.63,73.16 5 0
jumpstartcli/internal/utils/resourceproviders.go:73.16,75.44 1 0
jumpstartcli/internal/utils/resourceproviders.go:75.44,77.4 1 0
jumpstartcli/internal/utils/resourceproviders.go:78.3,78.77 1 0
jumpstartcli/internal/utils/resourceproviders.go:81.2,82.35 2 0
jumpstartcli/internal/utils/resourceproviders.go:86.46,97.16 8 0
jumpstartcli/internal/utils/resourceproviders.go:97.16,100.3 2 0
jumpstartcli/internal/utils/resourceproviders.go:101.2,102.12 2 0
jumpstartcli/internal/utils/resourceproviders.go:106.72,111.46 4 0
jumpstartcli/internal/utils/resourceproviders.go:111.46,113.34 2 0
jumpstartcli/internal/utils/resourceproviders.go:113.34,117.4 3 0
jumpstartcli/internal/utils/resourceproviders.go:117.9,119.4 1 0
jumpstartcli/internal/utils/resourceproviders.go:122.2,122.13 1 0
jumpstartcli/internal/utils/resourceproviders.go:122.13,125.3 2 0
jumpstartcli/internal/utils/resourceproviders.go:125.8,127.3 1 0
jumpstartcli/internal/utils/resourceproviders.go:129.2,129.35 1 0
jumpstartcli/internal/utils/resourceproviders.go:133.51,135.46 2 0
jumpstartcli/internal/utils/resourceproviders.go:135.46,137.3 1 0
jumpstartcli/internal/utils/resourceproviders.go:142.68,143.39 1 0
jumpstartcli/internal/utils/resourceproviders.go:144.16,145.48 1 0
jumpstartcli/internal/utils/resourceproviders.go:146.18,147.50 1 0
jumpstartcli/internal/utils/resourceproviders.go:148.15,149.47 1 0
jumpstartcli/internal/utils/resourceproviders.go:150.10,151.13 1 0
jumpstartcli/internal/utils/resourceproviders.go:157.62,161.52 3 0
jumpstartcli/internal/utils/resourceproviders.go:161.52,162.52 1 0
jumpstartcli/internal/utils/resourceproviders.go:162.52,164.4 1 0
jumpstartcli/internal/utils/resourceproviders.go:167.2,167.19 1 0
jumpstartcli/internal/utils/resourceproviders.go:167.19,169.3 1 0
jumpstartcli/internal/utils/resourceproviders.go:169.8,171.3 1 0
jumpstartcli/internal/utils/resourceproviders.go:173.2,173.17 1 0
jumpstartcli/internal/utils/table.go:14.57,17.28 2 5
jumpstartcli/internal/utils/table.go:17.28,19.3 1 12
jumpstartcli/internal/utils/table.go:20.2,20.27 1 5
jumpstartcli/internal/utils/table.go:20.27,21.28 1 10
jumpstartcli/internal/utils/table.go:21.28,23.24 2 28
jumpstartcli/internal/utils/table.go:23.24,25.5 1 10
jumpstartcli/internal/utils/table.go:29.2,30.30 2 5
jumpstartcli/internal/utils/table.go:30.30,32.3 1 12
jumpstartcli/internal/utils/table.go:33.2,37.28 3 5
jumpstartcli/internal/utils/table.go:37.28,39.3 1 12
jumpstartcli/internal/utils/table.go:40.2,46.27 3 5
jumpstartcli/internal/utils/table.go:46.27,48.28 2 10
jumpstartcli/internal/utils/table.go:48.28,52.4 3 28
jumpstartcli/internal/utils/table.go:53.3,53.16 1 10
jumpstartcli/internal/utils/table.go:57.2,57.21 1 5
jumpstartcli/internal/utils/table.go:63.33,65.2 1 75
jumpstartcli/internal/utils/table.go:71.32,72.13 1 81
jumpstartcli/internal/utils/table.go:72.13,74.3 1 1
jumpstartcli/internal/utils/table.go:76.2,77.22 2 80
jumpstartcli/internal/utils/table.go:77.22,78.10 1 640
jumpstartcli/internal/utils/table.go:79.15,81.12 1 3
jumpstartcli/internal/utils/table.go:82.16,84.11 1 614
jumpstartcli/internal/utils/table.go:85.34,87.12 1 2
jumpstartcli/internal/utils/table.go:88.34,90.12 1 0
jumpstartcli/internal/utils/table.go:91.34,93.12 1 2
jumpstartcli/internal/utils/table.go:94.27,96.14 1 19
jumpstartcli/internal/utils/table.go:97.11,99.11 1 0
jumpstartcli/internal/utils/table.go:102.2,102.14 1 80
jumpstartcli/internal/utils/table.go:106.35,121.34 1 26
jumpstartcli/internal/utils/table.go:121.34,123.3 1 21
jumpstartcli/internal/utils/table.go:126.2,146.32 1 5
jumpstartcli/internal/utils/table.go:146.32,148.3 1 2
jumpstartcli/internal/utils/table.go:151.2,151.34 1 3
jumpstartcli/internal/utils/table.go:151.34,153.3 1 0
jumpstartcli/internal/utils/table.go:155.2,155.14 1 3
jumpstartcli/internal/utils/urlutils.go:14.40,22.16 4 23
jumpstartcli/internal/utils/urlutils.go:22.16,25.3 1 0
jumpstartcli/internal/utils/urlutils.go:26.2,28.38 2 23
jumpstartcli/internal/utils/urlutils.go:28.38,31.3 1 4
jumpstartcli/internal/utils/urlutils.go:33.2,34.16 2 19
jumpstartcli/internal/utils/urlutils.go:34.16,37.3 1 0
jumpstartcli/internal/utils/urlutils.go:39.2,41.118 2 19
jumpstartcli/internal/utils/urlutils.go:41.118,43.3 1 15
jumpstartcli/internal/utils/urlutils.go:46.2,46.16 1 4
jumpstartcli/internal/utils/utils.go:40.29,42.34 2 2
jumpstartcli/internal/utils/utils.go:42.34,44.3 1 0
jumpstartcli/internal/utils/utils.go:45.2,45.13 1 2
jumpstartcli/internal/utils/utils.go:48.44,51.16 3 4
jumpstartcli/internal/utils/utils.go:51.16,54.3 2 1
jumpstartcli/internal/utils/utils.go:55.2,55.35 1 3
jumpstartcli/internal/utils/utils.go:58.62,63.34 4 2
jumpstartcli/internal/utils/utils.go:63.34,66.3 2 2
jumpstartcli/internal/utils/utils.go:67.2,67.12 1 0
jumpstartcli/internal/utils/utils.go:70.44,72.2 1 2
jumpstartcli/internal/utils/utils.go:74.44,76.2 1 1
jumpstartcli/internal/utils/utils.go:78.45,80.2 1 1
jumpstartcli/internal/utils/utils.go:82.47,84.2 1 1
jumpstartcli/internal/utils/utils.go:86.45,87.15 1 3
jumpstartcli/internal/utils/utils.go:87.15,89.3 1 2
jumpstartcli/internal/utils/utils.go:92.45,95.2 2 0
jumpstartcli/internal/utils/utils.go:97.46,99.2 1 1
jumpstartcli/internal/utils/utils.go:102.69,103.22 1 15
jumpstartcli/internal/utils/utils.go:104.50,105.35 1 1
jumpstartcli/internal/utils/utils.go:106.50,107.42 1 0
jumpstartcli/internal/utils/utils.go:108.49,109.34 1 1
jumpstartcli/internal/utils/utils.go:110.35,111.27 1 1
jumpstartcli/internal/utils/utils.go:112.43,113.27 1 1
jumpstartcli/internal/utils/utils.go:114.33,115.16 1 1
jumpstartcli/internal/utils/utils.go:116.45,117.29 1 1
jumpstartcli/internal/utils/utils.go:118.45,119.29 1 1
jumpstartcli/internal/utils/utils.go:120.43,121.27 1 1
jumpstartcli/internal/utils/utils.go:122.41,123.29 1 1
jumpstartcli/internal/utils/utils.go:124.40,125.20 1 1
jumpstartcli/internal/utils/utils.go:126.54,130.18 3 3
jumpstartcli/internal/utils/utils.go:131.50,132.36 1 1
jumpstartcli/internal/utils/utils.go:133.20,134.22 1 1
jumpstartcli/internal/utils/utils.go:135.11,136.18 1 1
jumpstartcli/internal/utils/utils.go:138.10,141.21 2 2
jumpstartcli/internal/utils/utils.go:141.21,144.53 2 2
jumpstartcli/internal/utils/utils.go:144.53,146.5 1 1
jumpstartcli/internal/utils/utils.go:148.4,148.21 1 2
jumpstartcli/internal/utils/utils.go:148.21,150.5 1 2
jumpstartcli/internal/utils/utils.go:151.4,151.45 1 2
jumpstartcli/internal/utils/utils.go:153.3,153.22 1 0
jumpstartcli/internal/utils/utils.go:167.81,169.37 2 0
jumpstartcli/internal/utils/utils.go:169.37,171.40 2 0
jumpstartcli/internal/utils/utils.go:171.40,173.37 2 0
jumpstartcli/internal/utils/utils.go:173.37,175.5 1 0
jumpstartcli/internal/utils/utils.go:176.4,176.38 1 0
jumpstartcli/internal/utils/utils.go:179.2,179.22 1 0
jumpstartcli/internal/utils/utils.go:179.22,183.3 3 0
jumpstartcli/internal/utils/utils.go:187.60,188.16 1 0
jumpstartcli/internal/utils/utils.go:188.16,190.3 1 0
jumpstartcli/internal/utils/utils.go:191.2,192.33 2 0
jumpstartcli/internal/utils/utils.go:196.47,200.2 2 0
jumpstartcli/internal/utils/utils.go:203.55,209.20 4 0
jumpstartcli/internal/utils/utils.go:209.20,211.3 1 0
jumpstartcli/internal/utils/utils.go:212.2,212.35 1 0
jumpstartcli/internal/utils/utils.go:212.35,214.3 1 0
jumpstartcli/internal/utils/utils.go:217.2,217.35 1 0
jumpstartcli/internal/utils/utils.go:217.35,223.41 4 0
jumpstartcli/internal/utils/utils.go:223.41,224.35 1 0
jumpstartcli/internal/utils/utils.go:224.35,226.41 2 0
jumpstartcli/internal/utils/utils.go:226.41,228.6 1 0
jumpstartcli/internal/utils/utils.go:234.3,237.44 2 0
jumpstartcli/internal/utils/utils.go:237.44,239.4 1 0
jumpstartcli/internal/utils/utils.go:243.2,243.34 1 0
jumpstartcli/internal/utils/utils.go:243.34,246.3 2 0
jumpstartcli/internal/utils/utils.go:249.2,249.38 1 0
jumpstartcli/internal/utils/utils.go:249.38,252.3 2 0
jumpstartcli/internal/utils/utils.go:255.2,256.82 2 0
jumpstartcli/internal/utils/utils.go:256.82,259.3 2 0
jumpstartcli/internal/utils/utils.go:262.2,262.35 1 0
jumpstartcli/internal/utils/utils.go:262.35,264.3 1 0
jumpstartcli/internal/utils/utils.go:266.2,266.24 1 0
jumpstartcli/internal/utils/utils.go:270.93,275.42 3 0
jumpstartcli/internal/utils/utils.go:275.42,276.18 1 0
jumpstartcli/internal/utils/utils.go:276.18,278.4 1 0
jumpstartcli/internal/utils/utils.go:280.3,287.30 2 0
jumpstartcli/internal/utils/utils.go:291.2,291.40 1 0
jumpstartcli/internal/utils/utils.go:291.40,293.3 1 0
jumpstartcli/internal/utils/utils.go:296.2,297.29 2 0
jumpstartcli/internal/utils/utils.go:297.29,300.27 3 0
jumpstartcli/internal/utils/utils.go:300.27,302.4 1 0
jumpstartcli/internal/utils/utils.go:306.2,306.23 1 0
jumpstartcli/internal/utils/utils.go:306.23,308.3 1 0
jumpstartcli/internal/utils/utils.go:311.2,311.29 1 0
jumpstartcli/internal/utils/utils.go:311.29,320.22 5 0
jumpstartcli/internal/utils/utils.go:320.22,323.4 2 0
jumpstartcli/internal/utils/utils.go:323.9,325.4 1 0
jumpstartcli/internal/utils/utils.go:327.3,329.27 3 0
jumpstartcli/internal/utils/utils.go:329.27,331.4 1 0
jumpstartcli/internal/utils/utils.go:334.3,340.28 3 0
jumpstartcli/internal/utils/utils.go:340.28,342.43 2 0
jumpstartcli/internal/utils/utils.go:342.43,344.5 1 0
jumpstartcli/internal/utils/utils.go:348.2,348.24 1 0
jumpstartcli/internal/utils/utils.go:352.44,353.26 1 0
jumpstartcli/internal/utils/utils.go:353.26,355.3 1 0
jumpstartcli/internal/utils/utils.go:356.2,356.29 1 0
jumpstartcli/internal/utils/utils.go:360.57,371.53 5 0
jumpstartcli/internal/utils/utils.go:371.53,373.3 1 0
jumpstartcli/internal/utils/utils.go:373.8,373.87 1 0
jumpstartcli/internal/utils/utils.go:373.87,375.3 1 0
jumpstartcli/internal/utils/utils.go:375.8,375.34 1 0
jumpstartcli/internal/utils/utils.go:375.34,377.3 1 0
jumpstartcli/internal/utils/utils.go:377.8,377.33 1 0
jumpstartcli/internal/utils/utils.go:377.33,379.3 1 0
jumpstartcli/internal/utils/utils.go:382.2,382.31 1 0
jumpstartcli/internal/utils/utils.go:382.31,384.3 1 0
jumpstartcli/internal/utils/utils.go:384.8,384.39 1 0
jumpstartcli/internal/utils/utils.go:384.39,387.31 1 0
jumpstartcli/internal/utils/utils.go:387.31,389.4 1 0
jumpstartcli/internal/utils/utils.go:391.8,391.61 1 0
jumpstartcli/internal/utils/utils.go:391.61,394.3 1 0
jumpstartcli/internal/utils/utils.go:396.2,396.20 1 0
jumpstartcli/internal/utils/utils.go:400.42,409.42 3 0
jumpstartcli/internal/utils/utils.go:409.42,410.43 1 0
jumpstartcli/internal/utils/utils.go:410.43,412.4 1 0
jumpstartcli/internal/utils/utils.go:414.2,414.14 1 0
jumpstartcli/internal/utils/utils.go:418.60,427.52 2 0
jumpstartcli/internal/utils/utils.go:427.52,428.28 1 0
jumpstartcli/internal/utils/utils.go:428.28,430.4 1 0
jumpstartcli/internal/utils/utils.go:434.2,434.47 1 0
jumpstartcli/internal/utils/utils.go:434.47,436.3 1 0
jumpstartcli/internal/utils/utils.go:438.2,438.14 1 0
jumpstartcli/internal/utils/utils.go:442.67,450.58 2 0
jumpstartcli/internal/utils/utils.go:450.58,452.3 1 0
jumpstartcli/internal/utils/utils.go:454.2,454.18 1 0
jumpstartcli/internal/utils/utils.go:458.39,465.37 2 0
jumpstartcli/internal/utils/utils.go:465.37,466.27 1 0
jumpstartcli/internal/utils/utils.go:466.27,468.4 1 0
jumpstartcli/internal/utils/utils.go:471.2,471.14 1 0
jumpstartcli/internal/utils/utils.go:475.38,481.35 2 0
jumpstartcli/internal/utils/utils.go:481.35,482.26 1 0
jumpstartcli/internal/utils/utils.go:482.26,484.4 1 0
jumpstartcli/internal/utils/utils.go:487.2,487.14 1 0
jumpstartcli/internal/utils/utils.go:491.58,521.80 4 0
jumpstartcli/internal/utils/utils.go:521.80,522.24 1 0
jumpstartcli/internal/utils/utils.go:522.24,524.4 1 0
jumpstartcli/internal/utils/utils.go:525.3,525.15 1 0
jumpstartcli/internal/utils/utils.go:530.58,533.32 2 0
jumpstartcli/internal/utils/utils.go:533.32,535.3 1 0
jumpstartcli/internal/utils/utils.go:537.2,538.21 2 0
jumpstartcli/internal/utils/utils.go:538.21,540.3 1 0
jumpstartcli/internal/utils/utils.go:542.2,546.29 4 0
jumpstartcli/internal/utils/utils.go:546.29,551.62 3 0
jumpstartcli/internal/utils/utils.go:551.62,557.4 4 0
jumpstartcli/internal/utils/utils.go:557.9,559.25 1 0
jumpstartcli/internal/utils/utils.go:559.25,562.5 2 0
jumpstartcli/internal/utils/utils.go:563.4,564.28 2 0
jumpstartcli/internal/utils/utils.go:569.2,569.27 1 0
jumpstartcli/internal/utils/utils.go:569.27,571.3 1 0
jumpstartcli/internal/utils/utils.go:573.2,573.14 1 0
jumpstartcli/internal/utils/utils.go:577.41,580.2 2 0
jumpstartcli/internal/utils/utils.go:583.63,586.17 2 0
jumpstartcli/internal/utils/utils.go:586.17,588.3 1 0
jumpstartcli/internal/utils/utils.go:591.2,591.29 1 0
jumpstartcli/internal/utils/utils.go:591.29,592.75 1 0
jumpstartcli/internal/utils/utils.go:592.75,594.4 1 0
jumpstartcli/internal/utils/utils.go:598.2,598.47 1 0
jumpstartcli/internal/utils/utils.go:602.72,614.70 3 0
jumpstartcli/internal/utils/utils.go:614.70,615.42 1 0
jumpstartcli/internal/utils/utils.go:615.42,616.28 1 0
jumpstartcli/internal/utils/utils.go:616.28,618.5 1 0
jumpstartcli/internal/utils/utils.go:622.2,622.14 1 0
jumpstartcli/internal/utils/utils.go:626.44,628.2 1 0
jumpstartcli/internal/utils/utils.go:632.84,634.2 1 0
jumpstartcli/internal/utils/utils.go:637.83,641.31 3 0
jumpstartcli/internal/utils/utils.go:641.31,643.29 2 0
jumpstartcli/internal/utils/utils.go:643.29,646.4 2 0
jumpstartcli/internal/utils/utils.go:649.2,649.30 1 0
jumpstartcli/internal/utils/utils.go:649.30,651.3 1 0
jumpstartcli/internal/utils/utils.go:652.2,652.11 1 0
jumpstartcli/internal/utils/utils.go:656.57,659.2 1 0
jumpstartcli/internal/utils/utils.go:662.43,663.17 1 0
jumpstartcli/internal/utils/utils.go:663.17,665.3 1 0
jumpstartcli/internal/utils/utils.go:666.2,666.17 1 0
jumpstartcli/internal/utils/utils.go:666.17,668.3 1 0
jumpstartcli/internal/utils/utils.go:670.2,671.24 2 0
jumpstartcli/internal/utils/utils.go:671.24,673.3 1 0
jumpstartcli/internal/utils/utils.go:675.2,675.31 1 0
jumpstartcli/internal/utils/utils.go:675.31,677.3 1 0
jumpstartcli/internal/utils/utils.go:678.2,678.31 1 0
jumpstartcli/internal/utils/utils.go:678.31,680.3 1 0
jumpstartcli/internal/utils/utils.go:682.2,682.31 1 0
jumpstartcli/internal/utils/utils.go:682.31,683.32 1 0
jumpstartcli/internal/utils/utils.go:683.32,685.24 2 0
jumpstartcli/internal/utils/utils.go:685.24,687.5 1 0
jumpstartcli/internal/utils/utils.go:689.4,693.5 1 0
jumpstartcli/internal/utils/utils.go:697.2,697.31 1 0
jumpstartcli/internal/utils/utils.go:701.27,702.22 1 0
jumpstartcli/internal/utils/utils.go:702.22,704.3 1 0
jumpstartcli/internal/utils/utils.go:705.2,705.12 1 0
jumpstartcli/internal/utils/utils.go:705.12,707.3 1 0
jumpstartcli/internal/utils/utils.go:708.2,708.10 1 0
jumpstartcli/internal/utils/utils.go:712.49,752.58 3 0
jumpstartcli/internal/utils/utils.go:752.58,754.3 1 0
jumpstartcli/internal/utils/utils.go:757.2,757.62 1 0
jumpstartcli/internal/utils/utils.go:761.46,764.16 3 0
jumpstartcli/internal/utils/utils.go:764.16,766.3 1 0
jumpstartcli/internal/utils/utils.go:768.2,769.21 2 0
jumpstartcli/internal/utils/utils.go:776.68,778.17 2 0
jumpstartcli/internal/utils/utils.go:778.17,780.3 1 0
jumpstartcli/internal/utils/utils.go:783.2,786.19 3 0
jumpstartcli/internal/utils/utils.go:786.19,791.3 3 0
jumpstartcli/internal/utils/utils.go:791.8,793.36 1 0
jumpstartcli/internal/utils/utils.go:793.36,796.25 2 0
jumpstartcli/internal/utils/utils.go:796.25,797.65 1 0
jumpstartcli/internal/utils/utils.go:797.65,799.6 1 0
jumpstartcli/internal/utils/utils.go:799.11,803.6 1 0
jumpstartcli/internal/utils/utils.go:806.4,806.16 1 0
jumpstartcli/internal/utils/utils.go:807.9,811.4 2 0
jumpstartcli/internal/utils/utils.go:818.51,819.51 1 0
jumpstartcli/internal/utils/utils.go:820.58,821.19 1 0
jumpstartcli/internal/utils/utils.go:822.61,823.20 1 0
jumpstartcli/internal/utils/utils.go:824.10,825.104 1 0
jumpstartcli/internal/utils/utils.go:831.117,833.21 1 0
jumpstartcli/internal/utils/utils.go:833.21,835.3 1 0
jumpstartcli/internal/utils/utils.go:835.8,837.3 1 0
jumpstartcli/internal/utils/utils.go:840.2,842.52 3 0
jumpstartcli/internal/utils/utils.go:847.49,851.46 2 0
jumpstartcli/internal/utils/utils.go:851.46,852.20 1 0
jumpstartcli/internal/utils/utils.go:852.20,855.4 1 0
jumpstartcli/internal/utils/utils.go:857.3,862.19 4 0
jumpstartcli/internal/utils/utils.go:863.17,864.71 1 0
jumpstartcli/internal/utils/utils.go:864.71,866.5 1 0
jumpstartcli/internal/utils/utils.go:867.15,868.72 1 0
jumpstartcli/internal/utils/utils.go:868.72,870.5 1 0
jumpstartcli/internal/utils/utils.go:871.32,872.68 1 0
jumpstartcli/internal/utils/utils.go:872.68,874.5 1 0
jumpstartcli/internal/utils/utils.go:875.29,876.70 1 0
jumpstartcli/internal/utils/utils.go:876.70,878.5 1 0
jumpstartcli/internal/utils/utils.go:879.22,880.76 1 0
jumpstartcli/internal/utils/utils.go:880.76,882.5 1 0
jumpstartcli/internal/utils/utils.go:887.2,887.31 1 0
jumpstartcli/internal/utils/utils.go:887.31,889.40 2 0
jumpstartcli/internal/utils/utils.go:889.40,891.4 1 0
jumpstartcli/internal/utils/utils.go:892.3,892.46 1 0
jumpstartcli/internal/utils/utils.go:895.2,895.12 1 0
jumpstartcli/internal/utils/utils.go:899.79,902.17 2 0
jumpstartcli/internal/utils/utils.go:902.17,904.3 1 0
jumpstartcli/internal/utils/utils.go:907.2,908.78 2 0
jumpstartcli/internal/utils/utils.go:908.78,910.56 1 0
jumpstartcli/internal/utils/utils.go:910.56,912.4 1 0
jumpstartcli/internal/utils/utils.go:917.2,917.72 1 0
jumpstartcli/internal/utils/utils.go:917.72,919.3 1 0
jumpstartcli/internal/utils/utils.go:921.2,921.12 1 0
jumpstartcli/internal/utils/utils.go:925.80,927.49 1 0
jumpstartcli/internal/utils/utils.go:927.49,929.3 1 0
jumpstartcli/internal/utils/utils.go:930.2,930.12 1 0
jumpstartcli/internal/utils/utils.go:934.76,935.21 1 0
jumpstartcli/internal/utils/utils.go:935.21,937.3 1 0
jumpstartcli/internal/utils/utils.go:940.2,940.51 1 0
jumpstartcli/internal/utils/utils.go:940.51,942.3 1 0
jumpstartcli/internal/utils/utils.go:945.2,945.69 1 0
jumpstartcli/internal/utils/utils.go:945.69,947.3 1 0
jumpstartcli/internal/utils/utils.go:949.2,949.12 1 0
jumpstartcli/internal/utils/utils.go:953.78,954.21 1 0
jumpstartcli/internal/utils/utils.go:954.21,956.3 1 0
jumpstartcli/internal/utils/utils.go:959.2,959.61 1 0
jumpstartcli/internal/utils/utils.go:959.61,961.3 1 0
jumpstartcli/internal/utils/utils.go:963.2,963.12 1 0
jumpstartcli/internal/utils/utils.go:967.84,970.21 1 0
jumpstartcli/internal/utils/utils.go:970.21,972.3 1 0
jumpstartcli/internal/utils/utils.go:975.2,975.77 1 0
jumpstartcli/internal/utils/utils.go:975.77,977.3 1 0
jumpstartcli/internal/utils/utils.go:979.2,979.12 1 0
jumpstartcli/internal/utils/utils.go:983.67,984.18 1 0
jumpstartcli/internal/utils/utils.go:985.16,987.56 2 0
jumpstartcli/internal/utils/utils.go:987.56,989.4 1 0
jumpstartcli/internal/utils/utils.go:990.21,992.53 2 0
jumpstartcli/internal/utils/utils.go:992.53,994.4 1 0
jumpstartcli/internal/utils/utils.go:995.28,997.57 2 0
jumpstartcli/internal/utils/utils.go:997.57,999.4 1 0
jumpstartcli/internal/utils/utils.go:1000.18,1002.22 1 0
jumpstartcli/internal/utils/utils.go:1002.22,1004.4 1 0
jumpstartcli/internal/utils/utils.go:1005.3,1005.46 1 0
jumpstartcli/internal/utils/utils.go:1005.46,1007.4 1 0
jumpstartcli/internal/utils/utils.go:1008.26,1009.63 1 0
jumpstartcli/internal/utils/utils.go:1009.63,1011.4 1 0
jumpstartcli/internal/utils/utils.go:1012.23,1013.25 1 0
jumpstartcli/internal/utils/utils.go:1013.25,1015.4 1 0
jumpstartcli/internal/utils/utils.go:1016.28,1018.26 1 0
jumpstartcli/internal/utils/utils.go:1018.26,1020.4 1 0
jumpstartcli/internal/utils/utils.go:1021.3,1021.52 1 0
jumpstartcli/internal/utils/utils.go:1021.52,1023.4 1 0
jumpstartcli/internal/utils/utils.go:1025.3,1027.57 3 0
jumpstartcli/internal/utils/utils.go:1027.57,1029.4 1 0
jumpstartcli/internal/utils/utils.go:1030.18,1032.55 1 0
jumpstartcli/internal/utils/utils.go:1032.55,1034.4 1 0
jumpstartcli/internal/utils/utils.go:1034.9,1034.38 1 0
jumpstartcli/internal/utils/utils.go:1034.38,1036.4 1 0
jumpstartcli/internal/utils/utils.go:1038.2,1038.12 1 0
jumpstartcli/internal/utils/utils.go:1042.64,1045.18 2 0
jumpstartcli/internal/utils/utils.go:1046.18,1047.33 1 0
jumpstartcli/internal/utils/utils.go:1047.33,1049.4 1 0
jumpstartcli/internal/utils/utils.go:1051.2,1051.12 1 0
jumpstartcli/internal/utils/utils.go:1055.72,1056.18 1 0
jumpstartcli/internal/utils/utils.go:1057.23,1059.60 1 0
jumpstartcli/internal/utils/utils.go:1059.60,1061.4 1 0
jumpstartcli/internal/utils/utils.go:1063.2,1063.12 1 0
jumpstartcli/internal/utils/utils.go:1067.56,1068.47 1 0
jumpstartcli/internal/utils/utils.go:1068.47,1070.3 1 0
jumpstartcli/internal/utils/utils.go:1072.2,1073.32 2 0
jumpstartcli/internal/utils/utils.go:1073.32,1074.10 1 0
jumpstartcli/internal/utils/utils.go:1075.30,1076.19 1 0
jumpstartcli/internal/utils/utils.go:1077.30,1078.19 1 0
jumpstartcli/internal/utils/utils.go:1079.30,1080.19 1 0
jumpstartcli/internal/utils/utils.go:1081.56,1082.21 1 0
jumpstartcli/internal/utils/utils.go:1086.2,1087.14 2 0
jumpstartcli/internal/utils/utils.go:1087.14,1089.3 1 0
jumpstartcli/internal/utils/utils.go:1090.2,1090.14 1 0
jumpstartcli/internal/utils/utils.go:1090.14,1092.3 1 0
jumpstartcli/internal/utils/utils.go:1093.2,1093.14 1 0
jumpstartcli/internal/utils/utils.go:1093.14,1095.3 1 0
jumpstartcli/internal/utils/utils.go:1096.2,1096.16 1 0
jumpstartcli/internal/utils/utils.go:1096.16,1098.3 1 0
jumpstartcli/internal/utils/utils.go:1100.2,1100.25 1 0
jumpstartcli/internal/utils/utils.go:1100.25,1102.3 1 0
jumpstartcli/internal/utils/utils.go:1104.2,1104.12 1 0
jumpstartcli/internal/utils/utils.go:1108.49,1109.26 1 0
jumpstartcli/internal/utils/utils.go:1109.26,1110.16 1 0
jumpstartcli/internal/utils/utils.go:1110.16,1112.4 1 0
jumpstartcli/internal/utils/utils.go:1114.2,1114.14 1 0
jumpstartcli/internal/utils/utils.go:1118.64,1120.26 2 0
jumpstartcli/internal/utils/utils.go:1120.26,1121.38 1 0
jumpstartcli/internal/utils/utils.go:1121.38,1123.4 1 0
jumpstartcli/internal/utils/utils.go:1125.2,1125.14 1 0
jumpstartcli/internal/utils/utils.go:1131.47,1133.45 2 0
jumpstartcli/internal/utils/utils.go:1133.45,1134.43 1 0
jumpstartcli/internal/utils/utils.go:1134.43,1136.4 1 0
jumpstartcli/internal/utils/utils.go:1138.2,1138.14 1 0
jumpstartcli/internal/utils/utils.go:1142.77,1145.35 2 0
jumpstartcli/internal/utils/utils.go:1145.35,1147.3 1 0
jumpstartcli/internal/utils/utils.go:1149.2,1149.16 1 0
jumpstartcli/internal/utils/utils.go:1150.15,1151.33 1 0
jumpstartcli/internal/utils/utils.go:1152.14,1153.25 1 0
jumpstartcli/internal/utils/utils.go:1154.14,1155.25 1 0
jumpstartcli/internal/utils/utils.go:1156.13,1157.26 1 0
jumpstartcli/internal/utils/utils.go:1159.2,1159.12 1 0
jumpstartcli/internal/utils/utils.go:1163.40,1165.16 2 0
jumpstartcli/internal/utils/utils.go:1165.16,1167.3 1 0
jumpstartcli/internal/utils/utils.go:1168.2,1169.12 2 0
jumpstartcli/internal/utils/utils.go:1173.40,1175.16 2 0
jumpstartcli/internal/utils/utils.go:1175.16,1177.3 1 0
jumpstartcli/internal/utils/utils.go:1178.2,1179.12 2 0
jumpstartcli/internal/utils/utils.go:1183.50,1188.27 2 0
jumpstartcli/internal/utils/utils.go:1188.27,1190.3 1 0
jumpstartcli/internal/utils/utils.go:1195.52,1198.35 2 0
jumpstartcli/internal/utils/utils.go:1198.35,1200.3 1 0
jumpstartcli/internal/utils/utils.go:1202.2,1202.16 1 0
jumpstartcli/internal/utils/utils.go:1203.14,1204.25 1 0
jumpstartcli/internal/utils/utils.go:1205.14,1206.25 1 0
jumpstartcli/internal/utils/utils.go:1207.22,1210.25 1 0
jumpstartcli/internal/utils/utils.go:1212.2,1212.12 1 0
jumpstartcli/internal/preflight/arcbox.go:13.56,28.2 5 1
jumpstartcli/internal/preflight/arcbox.go:31.54,46.33 10 1
jumpstartcli/internal/preflight/arcbox.go:46.33,47.51 1 2
jumpstartcli/internal/preflight/arcbox.go:47.51,49.31 2 0
jumpstartcli/internal/preflight/arcbox.go:49.31,51.5 1 0
jumpstartcli/internal/preflight/arcbox.go:52.4,52.28 1 0
jumpstartcli/internal/preflight/arcbox.go:52.28,54.5 1 0
jumpstartcli/internal/preflight/arcbox.go:55.4,55.20 1 0
jumpstartcli/internal/preflight/arcbox.go:59.2,59.19 1 1
jumpstartcli/internal/preflight/arcbox.go:63.52,94.2 10 1
jumpstartcli/internal/preflight/arcbox.go:97.63,105.65 5 7
jumpstartcli/internal/preflight/arcbox.go:105.65,109.3 3 2
jumpstartcli/internal/preflight/arcbox.go:112.2,112.75 1 7
jumpstartcli/internal/preflight/arcbox.go:112.75,116.3 3 2
jumpstartcli/internal/preflight/arcbox.go:118.2,118.15 1 7
jumpstartcli/internal/preflight/arcbox.go:118.15,122.3 3 4
jumpstartcli/internal/preflight/arcbox.go:124.2,124.13 1 3
jumpstartcli/internal/preflight/arcbox.go:128.74,137.64 2 9
jumpstartcli/internal/preflight/arcbox.go:137.64,139.3 1 4
jumpstartcli/internal/preflight/arcbox.go:141.2,141.70 1 9
jumpstartcli/internal/preflight/arcbox.go:141.70,144.3 2 4
jumpstartcli/internal/preflight/arcbox.go:146.2,146.76 1 9
jumpstartcli/internal/preflight/arcbox.go:146.76,148.3 1 1
jumpstartcli/internal/preflight/arcbox.go:150.2,150.92 1 9
jumpstartcli/internal/preflight/arcbox.go:150.92,152.3 1 1
jumpstartcli/internal/preflight/arcbox.go:154.2,154.83 1 9
jumpstartcli/internal/preflight/arcbox.go:154.83,157.43 1 5
jumpstartcli/internal/preflight/arcbox.go:157.43,159.4 1 1
jumpstartcli/internal/preflight/arcbox.go:162.2,162.77 1 9
jumpstartcli/internal/preflight/arcbox.go:162.77,164.3 1 3
jumpstartcli/internal/preflight/arcbox.go:167.2,167.86 1 9
jumpstartcli/internal/preflight/arcbox.go:167.86,169.3 1 2
jumpstartcli/internal/preflight/arcbox.go:171.2,171.80 1 9
jumpstartcli/internal/preflight/arcbox.go:171.80,173.3 1 1
jumpstartcli/internal/preflight/arcbox.go:175.2,175.12 1 9
jumpstartcli/internal/preflight/arcbox.go:179.54,180.16 1 5
jumpstartcli/internal/preflight/arcbox.go:181.16,182.55 1 1
jumpstartcli/internal/preflight/arcbox.go:183.17,184.40 1 1
jumpstartcli/internal/preflight/arcbox.go:185.15,186.20 1 1
jumpstartcli/internal/preflight/arcbox.go:187.10,188.20 1 2
jumpstartcli/internal/preflight/arcbox.go:193.45,196.16 2 5
jumpstartcli/internal/preflight/arcbox.go:197.16,200.63 3 1
jumpstartcli/internal/preflight/arcbox.go:201.17,203.78 2 1
jumpstartcli/internal/preflight/arcbox.go:204.15,206.75 2 1
jumpstartcli/internal/preflight/arcbox.go:207.10,208.52 1 2
jumpstartcli/internal/preflight/arcbox.go:210.2,210.15 1 5
jumpstartcli/internal/preflight/validator.go:52.46,89.2 15 2
jumpstartcli/internal/preflight/validator.go:92.67,94.2 1 40
jumpstartcli/internal/preflight/validator.go:97.83,100.41 2 4
jumpstartcli/internal/preflight/validator.go:100.41,101.34 1 26
jumpstartcli/internal/preflight/validator.go:101.34,104.45 2 16
jumpstartcli/internal/preflight/validator.go:104.45,105.38 1 0
jumpstartcli/internal/preflight/validator.go:105.38,107.11 2 0
jumpstartcli/internal/preflight/validator.go:111.4,111.13 1 16
jumpstartcli/internal/preflight/validator.go:111.13,113.24 1 16
jumpstartcli/internal/preflight/validator.go:113.24,116.6 2 16
jumpstartcli/internal/preflight/validator.go:116.11,120.6 2 0
jumpstartcli/internal/preflight/validator.go:125.2,125.16 1 4
jumpstartcli/internal/preflight/validator.go:129.114,145.12 8 16
jumpstartcli/internal/preflight/validator.go:145.12,146.7 1 16
jumpstartcli/internal/preflight/validator.go:146.7,147.11 1 1057
jumpstartcli/internal/preflight/validator.go:148.23,154.11 4 16
jumpstartcli/internal/preflight/validator.go:155.12,159.38 3 1041
jumpstartcli/internal/preflight/validator.go:165.2,173.26 4 16
jumpstartcli/internal/preflight/validator.go:173.26,174.10 1 14
jumpstartcli/internal/preflight/validator.go:175.22,176.42 1 13
jumpstartcli/internal/preflight/validator.go:177.35,179.31 2 0
jumpstartcli/internal/preflight/validator.go:179.31,181.5 1 0
jumpstartcli/internal/preflight/validator.go:182.37,184.31 2 0
jumpstartcli/internal/preflight/validator.go:184.31,186.5 1 0
jumpstartcli/internal/preflight/validator.go:187.11,188.45 1 1
jumpstartcli/internal/preflight/validator.go:190.8,193.3 1 2
jumpstartcli/internal/preflight/validator.go:195.2,195.15 1 16
jumpstartcli/internal/preflight/validator.go:199.49,200.33 1 8
jumpstartcli/internal/preflight/validator.go:200.33,201.51 1 19
jumpstartcli/internal/preflight/validator.go:201.51,203.4 1 2
jumpstartcli/internal/preflight/validator.go:205.2,205.14 1 6
jumpstartcli/internal/preflight/validator.go:209.47,210.23 1 3
jumpstartcli/internal/preflight/validator.go:210.23,213.3 2 0
jumpstartcli/internal/preflight/validator.go:216.2,219.33 3 3
jumpstartcli/internal/preflight/validator.go:219.33,221.27 1 15
jumpstartcli/internal/preflight/validator.go:221.27,222.12 1 1
jumpstartcli/internal/preflight/validator.go:225.3,225.10 1 14
jumpstartcli/internal/preflight/validator.go:226.53,227.16 1 1
jumpstartcli/internal/preflight/validator.go:228.37,229.18 1 1
jumpstartcli/internal/preflight/validator.go:234.2,234.40 1 3
jumpstartcli/internal/preflight/validator.go:234.40,236.3 1 1
jumpstartcli/internal/preflight/validator.go:236.8,238.3 1 2
jumpstartcli/internal/preflight/validator.go:246.41,248.2 1 0
jumpstartcli/internal/preflight/validator.go:250.48,252.2 1 0
jumpstartcli/internal/preflight/validator.go:254.69,258.2 2 2
jumpstartcli/internal/preflight/validator.go:260.77,264.18 2 0
jumpstartcli/internal/preflight/validator.go:264.18,271.3 1 0
jumpstartcli/internal/preflight/validator.go:274.2,274.28 1 0
jumpstartcli/internal/preflight/validator.go:274.28,283.3 1 0
jumpstartcli/internal/preflight/validator.go:285.2,290.3 1 0
jumpstartcli/internal/preflight/validator.go:296.50,298.2 1 1
jumpstartcli/internal/preflight/validator.go:300.57,302.2 1 1
jumpstartcli/internal/preflight/validator.go:304.78,307.2 1 2
jumpstartcli/internal/preflight/validator.go:309.86,312.39 2 1
jumpstartcli/internal/preflight/validator.go:312.39,321.3 1 0
jumpstartcli/internal/preflight/validator.go:323.2,328.3 1 1
jumpstartcli/internal/preflight/validator.go:334.47,336.2 1 0
jumpstartcli/internal/preflight/validator.go:338.54,340.2 1 0
jumpstartcli/internal/preflight/validator.go:342.75,345.2 1 2
jumpstartcli/internal/preflight/validator.go:347.83,351.64 3 0
jumpstartcli/internal/preflight/validator.go:351.64,360.3 1 0
jumpstartcli/internal/preflight/validator.go:362.2,367.3 1 0
jumpstartcli/internal/preflight/validator.go:373.49,375.2 1 0
jumpstartcli/internal/preflight/validator.go:377.56,379.2 1 0
jumpstartcli/internal/preflight/validator.go:381.77,385.2 2 2
jumpstartcli/internal/preflight/validator.go:387.85,391.63 3 0
jumpstartcli/internal/preflight/validator.go:391.63,400.3 1 0
jumpstartcli/internal/preflight/validator.go:402.2,402.38 1 0
jumpstartcli/internal/preflight/validator.go:402.38,411.3 1 0
jumpstartcli/internal/preflight/validator.go:413.2,418.3 1 0
jumpstartcli/internal/preflight/validator.go:424.49,426.2 1 2
jumpstartcli/internal/preflight/validator.go:428.56,430.2 1 2
jumpstartcli/internal/preflight/validator.go:432.77,434.2 1 2
jumpstartcli/internal/preflight/validator.go:436.85,437.20 1 2
jumpstartcli/internal/preflight/validator.go:438.10,447.4 1 2
jumpstartcli/internal/preflight/validator.go:456.49,458.2 1 2
jumpstartcli/internal/preflight/validator.go:460.56,462.2 1 2
jumpstartcli/internal/preflight/validator.go:464.77,467.2 1 2
jumpstartcli/internal/preflight/validator.go:469.85,471.46 1 2
jumpstartcli/internal/preflight/validator.go:471.46,480.3 1 0
jumpstartcli/internal/preflight/validator.go:482.2,487.3 1 2
jumpstartcli/internal/preflight/validator.go:493.53,495.2 1 2
jumpstartcli/internal/preflight/validator.go:497.60,499.2 1 2
jumpstartcli/internal/preflight/validator.go:501.81,504.2 1 2
jumpstartcli/internal/preflight/validator.go:506.89,509.24 2 2
jumpstartcli/internal/preflight/validator.go:509.24,517.3 1 0
jumpstartcli/internal/preflight/validator.go:520.2,520.59 1 2
jumpstartcli/internal/preflight/validator.go:520.59,529.3 1 0
jumpstartcli/internal/preflight/validator.go:531.2,536.3 1 2
jumpstartcli/internal/preflight/validator.go:542.51,544.2 1 1
jumpstartcli/internal/preflight/validator.go:546.58,548.2 1 1
jumpstartcli/internal/preflight/validator.go:550.79,553.2 1 1
jumpstartcli/internal/preflight/validator.go:555.87,558.19 2 1
jumpstartcli/internal/preflight/validator.go:558.19,565.3 1 0
jumpstartcli/internal/preflight/validator.go:568.2,570.20 2 1
jumpstartcli/internal/preflight/validator.go:570.20,579.3 1 0
jumpstartcli/internal/preflight/validator.go:581.2,586.3 1 1
jumpstartcli/internal/preflight/validator.go:592.40,594.2 1 2
jumpstartcli/internal/preflight/validator.go:596.47,598.2 1 2
jumpstartcli/internal/preflight/validator.go:600.68,603.2 1 2
jumpstartcli/internal/preflight/validator.go:605.76,612.20 5 2
jumpstartcli/internal/preflight/validator.go:612.20,620.3 1 0
jumpstartcli/internal/preflight/validator.go:623.2,627.27 4 2
jumpstartcli/internal/preflight/validator.go:627.27,633.15 4 2
jumpstartcli/internal/preflight/validator.go:633.15,635.4 1 0
jumpstartcli/internal/preflight/validator.go:638.2,638.27 1 2
jumpstartcli/internal/preflight/validator.go:638.27,647.3 1 0
jumpstartcli/internal/preflight/validator.go:649.2,650.23 2 2
jumpstartcli/internal/preflight/validator.go:650.23,652.3 1 0
jumpstartcli/internal/preflight/validator.go:654.2,659.3 1 2
jumpstartcli/internal/preflight/validator.go:665.41,667.2 1 2
jumpstartcli/internal/preflight/validator.go:669.48,671.2 1 2
jumpstartcli/internal/preflight/validator.go:673.69,676.2 1 2
jumpstartcli/internal/preflight/validator.go:678.77,682.35 2 2
jumpstartcli/internal/preflight/validator.go:682.35,690.3 1 0
jumpstartcli/internal/preflight/validator.go:693.2,693.71 1 2
jumpstartcli/internal/preflight/validator.go:693.71,702.3 1 0
jumpstartcli/internal/preflight/validator.go:704.2,709.3 1 2
jumpstartcli/internal/preflight/validator.go:715.50,717.2 1 2
jumpstartcli/internal/preflight/validator.go:719.57,721.2 1 2
jumpstartcli/internal/preflight/validator.go:723.78,726.2 1 2
jumpstartcli/internal/preflight/validator.go:728.86,735.20 5 2
jumpstartcli/internal/preflight/validator.go:735.20,743.3 1 0
jumpstartcli/internal/preflight/validator.go:746.2,748.30 2 2
jumpstartcli/internal/preflight/validator.go:748.30,757.3 1 0
jumpstartcli/internal/preflight/validator.go:759.2,764.3 1 2
jumpstartcli/internal/preflight/validator.go:770.37,773.20 2 0
jumpstartcli/internal/preflight/validator.go:773.20,775.3 1 0
jumpstartcli/internal/preflight/validator.go:778.2,778.27 1 0
jumpstartcli/internal/preflight/validator.go:778.27,780.3 1 0
jumpstartcli/internal/preflight/validator.go:783.2,784.67 2 0
jumpstartcli/internal/preflight/validator.go:788.51,789.47 1 1
jumpstartcli/internal/preflight/validator.go:789.47,791.3 1 0
jumpstartcli/internal/preflight/validator.go:793.2,801.35 3 1
jumpstartcli/internal/preflight/validator.go:801.35,802.67 1 4
jumpstartcli/internal/preflight/validator.go:802.67,804.4 1 4
jumpstartcli/internal/preflight/validator.go:807.2,807.24 1 1
jumpstartcli/internal/preflight/validator.go:811.50,816.41 1 0
jumpstartcli/internal/preflight/validator.go:816.41,818.3 1 0
jumpstartcli/internal/preflight/validator.go:822.2,823.36 2 0
jumpstartcli/internal/preflight/validator.go:823.36,825.3 1 0
jumpstartcli/internal/preflight/validator.go:828.2,828.38 1 0
jumpstartcli/internal/preflight/validator.go:828.38,830.3 1 0
jumpstartcli/internal/preflight/validator.go:833.2,833.50 1 0
jumpstartcli/internal/preflight/validator.go:837.39,840.2 2 0
jumpstartcli/internal/preflight/validator.go:844.34,849.2 4 2
jumpstartcli/internal/preflight/validator.go:851.64,852.64 1 6
jumpstartcli/internal/preflight/validator.go:852.64,854.3 1 0
jumpstartcli/internal/preflight/validator.go:855.2,855.58 1 6
jumpstartcli/internal/preflight/validator.go:855.58,857.3 1 0
jumpstartcli/internal/preflight/validator.go:859.2,860.16 2 6
jumpstartcli/internal/preflight/validator.go:860.16,862.3 1 6
jumpstartcli/internal/preflight/validator.go:863.2,863.11 1 0
jumpstartcli/internal/preflight/validator.go:866.47,867.17 1 2
jumpstartcli/internal/preflight/validator.go:867.17,869.3 1 0
jumpstartcli/internal/preflight/validator.go:870.2,871.18 2 2
jumpstartcli/internal/preflight/validator.go:874.79,875.35 1 1
jumpstartcli/internal/preflight/validator.go:876.16,878.17 2 1
jumpstartcli/internal/preflight/validator.go:879.10,880.13 1 0
jumpstartcli/internal/preflight/validator.go:884.86,888.46 3 1
jumpstartcli/internal/preflight/validator.go:888.46,890.34 2 7
jumpstartcli/internal/preflight/validator.go:890.34,893.4 2 0
jumpstartcli/internal/preflight/validator.go:896.2,896.35 1 1
jumpstartcli/internal/preflight/validator.go:899.57,901.33 1 4
jumpstartcli/internal/preflight/validator.go:902.15,903.37 1 4
jumpstartcli/internal/preflight/validator.go:904.16,905.107 1 0
jumpstartcli/internal/preflight/validator.go:906.17,907.107 1 0
jumpstartcli/internal/preflight/validator.go:908.13,910.107 1 0
jumpstartcli/internal/preflight/validator.go:911.10,912.20 1 0
jumpstartcli/internal/preflight/validator.go:916.44,925.34 2 2
jumpstartcli/internal/preflight/validator.go:925.34,927.3 1 2
jumpstartcli/internal/preflight/validator.go:928.2,928.10 1 0
jumpstartcli/internal/preflight/validator.go:936.108,938.2 1 0
jumpstartcli/internal/preflight/validator.go:942.85,944.2 1 0
jumpstartcli/internal/preflight/validator.go:946.108,949.16 2 2
jumpstartcli/internal/preflight/validator.go:949.16,951.3 1 0
jumpstartcli/internal/preflight/validator.go:954.2,957.31 2 2
jumpstartcli/internal/preflight/validator.go:957.31,967.81 7 178
jumpstartcli/internal/preflight/validator.go:967.81,973.4 4 2
jumpstartcli/internal/preflight/validator.go:977.2,977.31 1 0
jumpstartcli/internal/preflight/validator.go:977.31,985.109 6 0
jumpstartcli/internal/preflight/validator.go:985.109,991.4 4 0
jumpstartcli/internal/preflight/validator.go:994.2,994.23 1 0
jumpstartcli/internal/preflight/validator.go:998.74,1000.60 1 2
jumpstartcli/internal/preflight/validator.go:1000.60,1002.3 1 1
jumpstartcli/internal/preflight/validator.go:1005.2,1012.16 5 1
jumpstartcli/internal/preflight/validator.go:1012.16,1014.44 1 0
jumpstartcli/internal/preflight/validator.go:1014.45,1016.4 0 0
jumpstartcli/internal/preflight/validator.go:1017.3,1017.18 1 0
jumpstartcli/internal/preflight/validator.go:1021.2,1022.56 2 1
jumpstartcli/internal/preflight/validator.go:1022.56,1024.3 1 0
jumpstartcli/internal/preflight/validator.go:1027.2,1029.20 2 1
jumpstartcli/internal/preflight/validator.go:1033.49,1038.21 4 2
jumpstartcli/internal/preflight/validator.go:1038.21,1042.3 2 2
jumpstartcli/internal/preflight/validator.go:1042.8,1042.28 1 0
jumpstartcli/internal/preflight/validator.go:1042.28,1048.52 3 0
jumpstartcli/internal/preflight/validator.go:1048.52,1050.4 1 0
jumpstartcli/internal/preflight/validator.go:1051.8,1053.3 1 0
jumpstartcli/internal/preflight/validator.go:1056.2,1057.25 2 2
jumpstartcli/internal/preflight/validator.go:1057.25,1058.27 1 6
jumpstartcli/internal/preflight/validator.go:1058.27,1059.12 1 2
jumpstartcli/internal/preflight/validator.go:1061.3,1061.23 1 4
jumpstartcli/internal/preflight/validator.go:1065.2,1065.70 1 2
jumpstartcli/internal/preflight/validator.go:1065.70,1067.3 1 0
jumpstartcli/internal/preflight/validator.go:1069.2,1070.15 2 2
jumpstartcli/internal/preflight/validator.go:1074.38,1075.25 1 4
jumpstartcli/internal/preflight/validator.go:1076.11,1077.11 1 0
jumpstartcli/internal/preflight/validator.go:1078.13,1079.16 1 0
jumpstartcli/internal/preflight/validator.go:1080.15,1081.16 1 0
jumpstartcli/internal/preflight/validator.go:1082.14,1083.68 1 4
jumpstartcli/internal/preflight/validator.go:1083.68,1087.4 3 4
jumpstartcli/internal/preflight/validator.go:1089.2,1089.10 1 0
jumpstartcli/internal/preflight/validator.go:1092.45,1104.43 3 2
jumpstartcli/internal/preflight/validator.go:1104.43,1105.33 1 2
jumpstartcli/internal/preflight/validator.go:1105.33,1107.4 1 2
jumpstartcli/internal/preflight/validator.go:1109.2,1109.14 1 0
jumpstartcli/internal/preflight/validator.go:1112.53,1121.51 3 2
jumpstartcli/internal/preflight/validator.go:1121.51,1122.37 1 2
jumpstartcli/internal/preflight/validator.go:1122.37,1124.4 1 2
jumpstartcli/internal/preflight/validator.go:1126.2,1126.14 1 0
jumpstartcli/internal/preflight/validator.go:1131.74,1139.16 6 0
jumpstartcli/internal/preflight/validator.go:1139.16,1142.3 1 0
jumpstartcli/internal/preflight/validator.go:1144.2,1145.28 2 0
jumpstartcli/internal/preflight/validator.go:1145.28,1146.34 1 0
jumpstartcli/internal/preflight/validator.go:1146.34,1148.4 1 0
jumpstartcli/internal/preflight/validator.go:1151.2,1151.14 1 0
jumpstartcli/internal/preflight/validator.go:1155.85,1164.16 6 2
jumpstartcli/internal/preflight/validator.go:1164.16,1168.3 1 2
jumpstartcli/internal/preflight/validator.go:1171.2,1173.28 3 0
jumpstartcli/internal/preflight/validator.go:1173.28,1175.16 2 0
jumpstartcli/internal/preflight/validator.go:1175.16,1177.4 1 0
jumpstartcli/internal/preflight/validator.go:1181.2,1182.27 2 0
jumpstartcli/internal/preflight/validator.go:1182.27,1183.26 1 0
jumpstartcli/internal/preflight/validator.go:1183.26,1185.4 1 0
jumpstartcli/internal/preflight/validator.go:1188.2,1188.20 1 0
jumpstartcli/internal/preflight/validator.go:1192.79,1195.27 2 0
jumpstartcli/internal/preflight/validator.go:1195.27,1204.17 6 0
jumpstartcli/internal/preflight/validator.go:1204.18,1207.4 0 0
jumpstartcli/internal/preflight/validator.go:1207.9,1209.37 2 0
jumpstartcli/internal/preflight/validator.go:1209.37,1211.5 1 0
jumpstartcli/internal/preflight/validator.go:1215.2,1215.20 1 0
jumpstartcli/internal/preflight/validator.go:1221.52,1223.2 1 0
jumpstartcli/internal/preflight/validator.go:1225.59,1227.2 1 0
jumpstartcli/internal/preflight/validator.go:1229.80,1233.2 2 1
jumpstartcli/internal/preflight/validator.go:1235.88,1240.37 3 0
jumpstartcli/internal/preflight/validator.go:1241.16,1242.32 1 0
jumpstartcli/internal/preflight/validator.go:1243.17,1244.33 1 0
jumpstartcli/internal/preflight/validator.go:1247.2,1247.18 1 0
jumpstartcli/internal/preflight/validator.go:1247.18,1255.3 1 0
jumpstartcli/internal/preflight/validator.go:1257.2,1262.3 1 0
jumpstartcli/internal/preflight/validator.go:1268.56,1270.2 1 0
jumpstartcli/internal/preflight/validator.go:1272.63,1274.2 1 0
jumpstartcli/internal/preflight/validator.go:1276.84,1280.2 2 1
jumpstartcli/internal/preflight/validator.go:1282.92,1285.22 2 0
jumpstartcli/internal/preflight/validator.go:1285.22,1293.3 1 0
jumpstartcli/internal/preflight/validator.go:1295.2,1300.3 1 0
jumpstartcli/internal/preflight/validator.go:1305.24,1307.2 1 0
